ARM Linker, 4.1 [Build 894] [Professional][RL-ARM]

==============================================================================

Section Cross References

    main.o(i.Assert_BTConection) refers to motor.o(i.motorA_update) for motorA_update
    main.o(i.Assert_BTConection) refers to motor.o(i.motorB_update) for motorB_update
    main.o(i.Assert_BTConection) refers to realtime_manage.o(i.Mili_Delay) for Mili_Delay
    main.o(i.Assert_BTConection) refers to stm32f4_discovery.o(i.STM_EVAL_LEDOn) for STM_EVAL_LEDOn
    main.o(i.Assert_BTConection) refers to stm32f4_discovery.o(i.STM_EVAL_LEDOff) for STM_EVAL_LEDOff
    main.o(i.Assert_BTConection) refers to realtime_manage.o(.data) for Signal_timeout
    main.o(i.Assert_BTConection) refers to main.o(.data) for .data
    main.o(i.main) refers to realtime_manage.o(i.Timeout_Manage_Config) for Timeout_Manage_Config
    main.o(i.main) refers to manual.o(i.Led_Indicater) for Led_Indicater
    main.o(i.main) refers to encoder.o(i.Encoders_Init) for Encoders_Init
    main.o(i.main) refers to ultrasonic_sr04.o(i.Ultrasonic_Sensor_Init) for Ultrasonic_Sensor_Init
    main.o(i.main) refers to motor.o(i.motor_init) for motor_init
    main.o(i.main) refers to servo.o(i.Servo_Init) for Servo_Init
    main.o(i.main) refers to bluetooth_hc06.o(i.Bluetooth_Module_Init) for Bluetooth_Module_Init
    main.o(i.main) refers to servo.o(i.Servo_A_Update) for Servo_A_Update
    main.o(i.main) refers to servo.o(i.Servo_B_Update) for Servo_B_Update
    main.o(i.main) refers to main.o(i.Assert_BTConection) for Assert_BTConection
    main.o(i.main) refers to manual.o(i.MANUAL_MODE) for MANUAL_MODE
    main.o(i.main) refers to main.o(.data) for .data
    manual.o(i.Led_Indicater) refers to stm32f4_discovery.o(i.STM_EVAL_LEDOn) for STM_EVAL_LEDOn
    manual.o(i.Led_Indicater) refers to stm32f4_discovery.o(i.STM_EVAL_LEDOff) for STM_EVAL_LEDOff
    manual.o(i.Led_Indicater) refers to main.o(.data) for Toggle_Ultrasonic
    manual.o(i.Lock_Move) refers to motor.o(i.motorA_update) for motorA_update
    manual.o(i.Lock_Move) refers to motor.o(i.motorB_update) for motorB_update
    manual.o(i.Lock_Move) refers to ultrasonic_sr04.o(i.Get_Distance_A) for Get_Distance_A
    manual.o(i.Lock_Move) refers to ultrasonic_sr04.o(i.Get_Distance_B) for Get_Distance_B
    manual.o(i.Lock_Move) refers to realtime_manage.o(i.Timeout_SetStatus) for Timeout_SetStatus
    manual.o(i.Lock_Move) refers to realtime_manage.o(i.Timeout_GetStatus) for Timeout_GetStatus
    manual.o(i.Lock_Move) refers to main.o(.data) for Lock
    manual.o(i.Lock_Move) refers to manual.o(.bss) for .bss
    manual.o(i.Lock_Move) refers to bluetooth_hc06.o(.data) for Command
    manual.o(i.MANUAL_MODE) refers to manual.o(i.Ultrasonic_Process) for Ultrasonic_Process
    manual.o(i.MANUAL_MODE) refers to manual.o(i.Lock_Move) for Lock_Move
    manual.o(i.MANUAL_MODE) refers to manual.o(i.Led_Indicater) for Led_Indicater
    manual.o(i.MANUAL_MODE) refers to motor.o(i.motorA_update) for motorA_update
    manual.o(i.MANUAL_MODE) refers to motor.o(i.motorB_update) for motorB_update
    manual.o(i.MANUAL_MODE) refers to servo.o(i.Servo_A_Update) for Servo_A_Update
    manual.o(i.MANUAL_MODE) refers to servo.o(i.Servo_B_Update) for Servo_B_Update
    manual.o(i.MANUAL_MODE) refers to realtime_manage.o(i.Mili_Delay) for Mili_Delay
    manual.o(i.MANUAL_MODE) refers to stm32f4_discovery.o(i.STM_EVAL_LEDOff) for STM_EVAL_LEDOff
    manual.o(i.MANUAL_MODE) refers to bluetooth_hc06.o(.data) for Command
    manual.o(i.MANUAL_MODE) refers to main.o(.data) for Toggle_MODE
    manual.o(i.MANUAL_MODE) refers to main.o(.data) for Servo_Angle_A
    manual.o(i.MANUAL_MODE) refers to main.o(.data) for Servo_Angle_B
    manual.o(i.Motor_Scaling) refers to encoder.o(i.Encoders_Read) for Encoders_Read
    manual.o(i.Motor_Scaling) refers to motor.o(i.motorA_update) for motorA_update
    manual.o(i.Motor_Scaling) refers to motor.o(i.motorB_update) for motorB_update
    manual.o(i.Motor_Scaling) refers to encoder.o(i.Encoders_Reset) for Encoders_Reset
    manual.o(i.Motor_Scaling) refers to encoder.o(.data) for A_Encoder_Distance
    manual.o(i.Motor_Scaling) refers to main.o(.data) for Speed
    manual.o(i.Ultrasonic_Process) refers to ultrasonic_sr04.o(i.Get_Distance_A) for Get_Distance_A
    manual.o(i.Ultrasonic_Process) refers to ultrasonic_sr04.o(i.Get_Distance_B) for Get_Distance_B
    manual.o(i.Ultrasonic_Process) refers to stm32f4_discovery.o(i.STM_EVAL_LEDOn) for STM_EVAL_LEDOn
    manual.o(i.Ultrasonic_Process) refers to stm32f4_discovery.o(i.STM_EVAL_LEDOff) for STM_EVAL_LEDOff
    manual.o(i.Ultrasonic_Process) refers to main.o(.data) for Toggle_Ultrasonic
    manual.o(i.Ultrasonic_Process) refers to manual.o(.bss) for .bss
    system_stm32f4xx.o(i.SystemCoreClockUpdate) refers to system_stm32f4xx.o(.data) for .data
    system_stm32f4xx.o(i.SystemInit) refers to system_stm32f4xx.o(i.SetSysClock) for SetSysClock
[...]
    printf2.o(i.__0vprintf$2) refers to bluetooth_hc06.o(i.fputc) for fputc
    printf2.o(i.__0vprintf$2) refers to bluetooth_hc06.o(.data) for __stdout
    printf2.o(i.__0vsnprintf$2) refers to printf2.o(i._printf_core) for _printf_core
    printf2.o(i.__0vsnprintf$2) refers to printf2.o(i._snputc) for _snputc
    printf2.o(i.__0vsprintf$2) refers to printf2.o(i._printf_core) for _printf_core
    printf2.o(i.__0vsprintf$2) refers to printf2.o(i._sputc) for _sputc
    printf3.o(i.__0fprintf$3) refers to printf3.o(i._printf_core) for _printf_core
    printf3.o(i.__0fprintf$3) refers to bluetooth_hc06.o(i.fputc) for fputc
    printf3.o(i.__0printf$3) refers to printf3.o(i._printf_core) for _printf_core
    printf3.o(i.__0printf$3) refers to bluetooth_hc06.o(i.fputc) for fputc
    printf3.o(i.__0printf$3) refers to bluetooth_hc06.o(.data) for __stdout
    printf3.o(i.__0snprintf$3) refers to printf3.o(i._printf_core) for _printf_core
    printf3.o(i.__0snprintf$3) refers to printf3.o(i._snputc) for _snputc
    printf3.o(i.__0sprintf$3) refers to printf3.o(i._printf_core) for _printf_core
    printf3.o(i.__0sprintf$3) refers to printf3.o(i._sputc) for _sputc
    printf3.o(i.__0vfprintf$3) refers to printf3.o(i._printf_core) for _printf_core
    printf3.o(i.__0vfprintf$3) refers to bluetooth_hc06.o(i.fputc) for fputc
    printf3.o(i.__0vprintf$3) refers to printf3.o(i._printf_core) for _printf_core
    printf3.o(i.__0vprintf$3) refers to bluetooth_hc06.o(i.fputc) for fputc
    printf3.o(i.__0vprintf$3) refers to bluetooth_hc06.o(.data) for __stdout
    printf3.o(i.__0vsnprintf$3) refers to printf3.o(i._printf_core) for _printf_core
    printf3.o(i.__0vsnprintf$3) refers to printf3.o(i._snputc) for _snputc
    printf3.o(i.__0vsprintf$3) refers to printf3.o(i._printf_core) for _printf_core
    printf3.o(i.__0vsprintf$3) refers to printf3.o(i._sputc) for _sputc
    printf3.o(i._printf_core) refers to uidiv.o(.text) for __aeabi_uidivmod
    printf4.o(i.__0fprintf$4) refers to printf4.o(i._printf_core) for _printf_core
    printf4.o(i.__0fprintf$4) refers to bluetooth_hc06.o(i.fputc) for fputc
    printf4.o(i.__0printf$4) refers to printf4.o(i._printf_core) for _printf_core
    printf4.o(i.__0printf$4) refers to bluetooth_hc06.o(i.fputc) for fputc
    printf4.o(i.__0printf$4) refers to bluetooth_hc06.o(.data) for __stdout
    printf4.o(i.__0snprintf$4) refers to printf4.o(i._printf_core) for _printf_core
    printf4.o(i.__0snprintf$4) refers to printf4.o(i._snputc) for _snputc
    printf4.o(i.__0sprintf$4) refers to printf4.o(i._printf_core) for _printf_core
    printf4.o(i.__0sprintf$4) refers to printf4.o(i._sputc) for _sputc
    printf4.o(i.__0vfprintf$4) refers to printf4.o(i._printf_core) for _printf_core
    printf4.o(i.__0vfprintf$4) refers to bluetooth_hc06.o(i.fputc) for fputc
    printf4.o(i.__0vprintf$4) refers to printf4.o(i._printf_core) for _printf_core
    printf4.o(i.__0vprintf$4) refers to bluetooth_hc06.o(i.fputc) for fputc
    printf4.o(i.__0vprintf$4) refers to bluetooth_hc06.o(.data) for __stdout
    printf4.o(i.__0vsnprintf$4) refers to printf4.o(i._printf_core) for _printf_core
    printf4.o(i.__0vsnprintf$4) refers to printf4.o(i._snputc) for _snputc
    printf4.o(i.__0vsprintf$4) refers to printf4.o(i._printf_core) for _printf_core
    printf4.o(i.__0vsprintf$4) refers to printf4.o(i._sputc) for _sputc
    printf4.o(i._printf_core) refers to uldiv.o(.text) for __aeabi_uldivmod
    printf5.o(i.__0fprintf$5) refers to printf5.o(i._printf_core) for _printf_core
    printf5.o(i.__0fprintf$5) refers to bluetooth_hc06.o(i.fputc) for fputc
    printf5.o(i.__0printf$5) refers to printf5.o(i._printf_core) for _printf_core
    printf5.o(i.__0printf$5) refers to bluetooth_hc06.o(i.fputc) for fputc
    printf5.o(i.__0printf$5) refers to bluetooth_hc06.o(.data) for __stdout
    printf5.o(i.__0snprintf$5) refers to printf5.o(i._printf_core) for _printf_core
    printf5.o(i.__0snprintf$5) refers to printf5.o(i._snputc) for _snputc
    printf5.o(i.__0sprintf$5) refers to printf5.o(i._printf_core) for _printf_core
    printf5.o(i.__0sprintf$5) refers to printf5.o(i._sputc) for _sputc
    printf5.o(i.__0vfprintf$5) refers to printf5.o(i._printf_core) for _printf_core
    printf5.o(i.__0vfprintf$5) refers to bluetooth_hc06.o(i.fputc) for fputc
    printf5.o(i.__0vprintf$5) refers to printf5.o(i._printf_core) for _printf_core
    printf5.o(i.__0vprintf$5) refers to bluetooth_hc06.o(i.fputc) for fputc
    printf5.o(i.__0vprintf$5) refers to bluetooth_hc06.o(.data) for __stdout
    printf5.o(i.__0vsnprintf$5) refers to printf5.o(i._printf_core) for _printf_core
    printf5.o(i.__0vsnprintf$5) refers to printf5.o(i._snputc) for _snputc
    printf5.o(i.__0vsprintf$5) refers to printf5.o(i._printf_core) for _printf_core
    printf5.o(i.__0vsprintf$5) refers to printf5.o(i._sputc) for _sputc
    printf5.o(i._printf_core) refers to uldiv.o(.text) for __aeabi_uldivmod
    printf6.o(i.__0fprintf$6) refers to printf6.o(i._printf_core) for _printf_core
    printf6.o(i.__0fprintf$6) refers to bluetooth_hc06.o(i.fputc) for fputc
    printf6.o(i.__0printf$6) refers to printf6.o(i._printf_core) for _printf_core
    printf6.o(i.__0printf$6) refers to bluetooth_hc06.o(i.fputc) for fputc
    printf6.o(i.__0printf$6) refers to bluetooth_hc06.o(.data) for __stdout
    printf6.o(i.__0snprintf$6) refers to printf6.o(i._printf_core) for _printf_core
    printf6.o(i.__0snprintf$6) refers to printf6.o(i._snputc) for _snputc
    printf6.o(i.__0sprintf$6) refers to printf6.o(i._printf_core) for _printf_core
    printf6.o(i.__0sprintf$6) refers to printf6.o(i._sputc) for _sputc
    printf6.o(i.__0vfprintf$6) refers to printf6.o(i._printf_core) for _printf_core
    printf6.o(i.__0vfprintf$6) refers to bluetooth_hc06.o(i.fputc) for fputc
    printf6.o(i.__0vprintf$6) refers to printf6.o(i._printf_core) for _printf_core
    printf6.o(i.__0vprintf$6) refers to bluetooth_hc06.o(i.fputc) for fputc
    printf6.o(i.__0vprintf$6) refers to bluetooth_hc06.o(.data) for __stdout
    printf6.o(i.__0vsnprintf$6) refers to printf6.o(i._printf_core) for _printf_core
    printf6.o(i.__0vsnprintf$6) refers to printf6.o(i._snputc) for _snputc
    printf6.o(i.__0vsprintf$6) refers to printf6.o(i._printf_core) for _printf_core
    printf6.o(i.__0vsprintf$6) refers to printf6.o(i._sputc) for _sputc
    printf6.o(i._printf_core) refers to printf6.o(i._printf_pre_padding) for _printf_pre_padding
    printf6.o(i._printf_core) refers to uidiv.o(.text) for __aeabi_uidivmod
    printf6.o(i._printf_core) refers to printf6.o(i._printf_post_padding) for _printf_post_padding
    printf7.o(i.__0fprintf$7) refers to printf7.o(i._printf_core) for _printf_core
    printf7.o(i.__0fprintf$7) refers to bluetooth_hc06.o(i.fputc) for fputc
    printf7.o(i.__0printf$7) refers to printf7.o(i._printf_core) for _printf_core
    printf7.o(i.__0printf$7) refers to bluetooth_hc06.o(i.fputc) for fputc
    printf7.o(i.__0printf$7) refers to bluetooth_hc06.o(.data) for __stdout
    printf7.o(i.__0snprintf$7) refers to printf7.o(i._printf_core) for _printf_core
    printf7.o(i.__0snprintf$7) refers to printf7.o(i._snputc) for _snputc
    printf7.o(i.__0sprintf$7) refers to printf7.o(i._printf_core) for _printf_core
    printf7.o(i.__0sprintf$7) refers to printf7.o(i._sputc) for _sputc
    printf7.o(i.__0vfprintf$7) refers to printf7.o(i._printf_core) for _printf_core
    printf7.o(i.__0vfprintf$7) refers to bluetooth_hc06.o(i.fputc) for fputc
    printf7.o(i.__0vprintf$7) refers to printf7.o(i._printf_core) for _printf_core
    printf7.o(i.__0vprintf$7) refers to bluetooth_hc06.o(i.fputc) for fputc
    printf7.o(i.__0vprintf$7) refers to bluetooth_hc06.o(.data) for __stdout
    printf7.o(i.__0vsnprintf$7) refers to printf7.o(i._printf_core) for _printf_core
    printf7.o(i.__0vsnprintf$7) refers to printf7.o(i._snputc) for _snputc
    printf7.o(i.__0vsprintf$7) refers to printf7.o(i._printf_core) for _printf_core
    printf7.o(i.__0vsprintf$7) refers to printf7.o(i._sputc) for _sputc
    printf7.o(i._printf_core) refers to printf7.o(i._printf_pre_padding) for _printf_pre_padding
    printf7.o(i._printf_core) refers to uldiv.o(.text) for __aeabi_uldivmod
    printf7.o(i._printf_core) refers to printf7.o(i._printf_post_padding) for _printf_post_padding
    printf8.o(i.__0fprintf$8) refers to printf8.o(i._printf_core) for _printf_core
    printf8.o(i.__0fprintf$8) refers to bluetooth_hc06.o(i.fputc) for fputc
    printf8.o(i.__0printf$8) refers to printf8.o(i._printf_core) for _printf_core
    printf8.o(i.__0printf$8) refers to bluetooth_hc06.o(i.fputc) for fputc
    printf8.o(i.__0printf$8) refers to bluetooth_hc06.o(.data) for __stdout
    printf8.o(i.__0snprintf$8) refers to printf8.o(i._printf_core) for _printf_core
    printf8.o(i.__0snprintf$8) refers to printf8.o(i._snputc) for _snputc
    printf8.o(i.__0sprintf$8) refers to printf8.o(i._printf_core) for _printf_core
    printf8.o(i.__0sprintf$8) refers to printf8.o(i._sputc) for _sputc
    printf8.o(i.__0vfprintf$8) refers to printf8.o(i._printf_core) for _printf_core
    printf8.o(i.__0vfprintf$8) refers to bluetooth_hc06.o(i.fputc) for fputc
    printf8.o(i.__0vprintf$8) refers to printf8.o(i._printf_core) for _printf_core
    printf8.o(i.__0vprintf$8) refers to bluetooth_hc06.o(i.fputc) for fputc
    printf8.o(i.__0vprintf$8) refers to bluetooth_hc06.o(.data) for __stdout
    printf8.o(i.__0vsnprintf$8) refers to printf8.o(i._printf_core) for _printf_core
    printf8.o(i.__0vsnprintf$8) refers to printf8.o(i._snputc) for _snputc
    printf8.o(i.__0vsprintf$8) refers to printf8.o(i._printf_core) for _printf_core
    printf8.o(i.__0vsprintf$8) refers to printf8.o(i._sputc) for _sputc
    printf8.o(i._printf_core) refers to printf8.o(i._printf_pre_padding) for _printf_pre_padding
    printf8.o(i._printf_core) refers to uldiv.o(.text) for __aeabi_uldivmod
    printf8.o(i._printf_core) refers to printf8.o(i._printf_post_padding) for _printf_post_padding
    printfa.o(i.__0fprintf) refers (Special) to iusefp.o(.text) for __I$use$fp
    printfa.o(i.__0fprintf) refers to printfa.o(i._printf_core) for _printf_core
    printfa.o(i.__0fprintf) refers to bluetooth_hc06.o(i.fputc) for fputc
    printfa.o(i.__0printf) refers (Special) to iusefp.o(.text) for __I$use$fp
    printfa.o(i.__0printf) refers to printfa.o(i._printf_core) for _printf_core
    printfa.o(i.__0printf) refers to bluetooth_hc06.o(i.fputc) for fputc
    printfa.o(i.__0printf) refers to bluetooth_hc06.o(.data) for __stdout
    printfa.o(i.__0snprintf) refers (Special) to iusefp.o(.text) for __I$use$fp
    printfa.o(i.__0snprintf) refers to printfa.o(i._printf_core) for _printf_core
    printfa.o(i.__0snprintf) refers to printfa.o(i._snputc) for _snputc
    printfa.o(i.__0sprintf) refers (Special) to iusefp.o(.text) for __I$use$fp
    printfa.o(i.__0sprintf) refers to printfa.o(i._printf_core) for _printf_core
    printfa.o(i.__0sprintf) refers to printfa.o(i._sputc) for _sputc
    printfa.o(i.__0vfprintf) refers (Special) to iusefp.o(.text) for __I$use$fp
    printfa.o(i.__0vfprintf) refers to printfa.o(i._printf_core) for _printf_core
    printfa.o(i.__0vfprintf) refers to bluetooth_hc06.o(i.fputc) for fputc
    printfa.o(i.__0vprintf) refers (Special) to iusefp.o(.text) for __I$use$fp
    printfa.o(i.__0vprintf) refers to printfa.o(i._printf_core) for _printf_core
    printfa.o(i.__0vprintf) refers to bluetooth_hc06.o(i.fputc) for fputc
    printfa.o(i.__0vprintf) refers to bluetooth_hc06.o(.data) for __stdout
    printfa.o(i.__0vsnprintf) refers (Special) to iusefp.o(.text) for __I$use$fp
    printfa.o(i.__0vsnprintf) refers to printfa.o(i._printf_core) for _printf_core
    printfa.o(i.__0vsnprintf) refers to printfa.o(i._snputc) for _snputc
    printfa.o(i.__0vsprintf) refers (Special) to iusefp.o(.text) for __I$use$fp
    printfa.o(i.__0vsprintf) refers to printfa.o(i._printf_core) for _printf_core
    printfa.o(i.__0vsprintf) refers to printfa.o(i._sputc) for _sputc
    printfa.o(i._fp_digits) refers (Special) to iusefp.o(.text) for __I$use$fp
    printfa.o(i._fp_digits) refers to dmul.o(.text) for __aeabi_dmul
    printfa.o(i._fp_digits) refers to ddiv.o(.text) for __aeabi_ddiv
    printfa.o(i._fp_digits) refers to cdrcmple.o(.text) for __aeabi_cdrcmple
    printfa.o(i._fp_digits) refers to dadd.o(.text) for __aeabi_dadd
    printfa.o(i._fp_digits) refers to dfixul.o(.text) for __aeabi_d2ulz
    printfa.o(i._fp_digits) refers to uldiv.o(.text) for __aeabi_uldivmod
    printfa.o(i._printf_core) refers (Special) to iusefp.o(.text) for __I$use$fp
    printfa.o(i._printf_core) refers to printfa.o(i._printf_pre_padding) for _printf_pre_padding
    printfa.o(i._printf_core) refers to uldiv.o(.text) for __aeabi_uldivmod
    printfa.o(i._printf_core) refers to printfa.o(i._printf_post_padding) for _printf_post_padding
    printfa.o(i._printf_core) refers to printfa.o(i._fp_digits) for _fp_digits
    printfa.o(i._printf_core) refers to uidiv.o(.text) for __aeabi_uidivmod
    printfa.o(i._printf_post_padding) refers (Special) to iusefp.o(.text) for __I$use$fp
    printfa.o(i._printf_pre_padding) refers (Special) to iusefp.o(.text) for __I$use$fp
    printfa.o(i._snputc) refers (Special) to iusefp.o(.text) for __I$use$fp
    printfa.o(i._sputc) refers (Special) to iusefp.o(.text) for __I$use$fp
    entry2.o(.ARM.Collect$$$$00000001) refers to entry2.o(.ARM.Collect$$$$00002712) for __lit__00000000
    entry2.o(.ARM.Collect$$$$00002712) refers to startup_stm32f4xx.o(STACK) for __initial_sp
    entry2.o(__vectab_stack_and_reset_area) refers to startup_stm32f4xx.o(STACK) for __initial_sp
    entry2.o(__vectab_stack_and_reset_area) refers to entry.o(.ARM.Collect$$$$00000000) for __main
    entry5.o(.ARM.Collect$$$$00000004) refers to init.o(.text) for __scatterload
    entry8.o(.ARM.Collect$$$$00000009) refers to main.o(i.main) for main
    uldiv.o(.text) refers to llushr.o(.text) for __aeabi_llsr
    uldiv.o(.text) refers to llshl.o(.text) for __aeabi_llsl
    dadd.o(.text) refers to llshl.o(.text) for __aeabi_llsl
    dadd.o(.text) refers to llsshr.o(.text) for __aeabi_lasr
    dadd.o(.text) refers to depilogue.o(.text) for _double_epilogue
    dmul.o(.text) refers to depilogue.o(.text) for _double_epilogue
    ddiv.o(.text) refers to depilogue.o(.text) for _double_round
    dfixul.o(.text) refers to llushr.o(.text) for __aeabi_llsr
    dfixul.o(.text) refers to llshl.o(.text) for __aeabi_llsl
    init.o(.text) refers to entry5.o(.ARM.Collect$$$$00000004) for __main_after_scatterload
    depilogue.o(.text) refers to llshl.o(.text) for __aeabi_llsl
    depilogue.o(.text) refers to llushr.o(.text) for __aeabi_llsr


==============================================================================

Removing Unused input sections from the image.

    Removing stm32f4xx_it.o(.emb_text), (8 bytes).
    Removing main.o(.emb_text), (8 bytes).
    Removing manual.o(.emb_text), (8 bytes).
    Removing manual.o(i.Motor_Scaling), (92 bytes).
    Removing system_stm32f4xx.o(.emb_text), (8 bytes).
    Removing system_stm32f4xx.o(i.SystemCoreClockUpdate), (124 bytes).
    Removing system_stm32f4xx.o(.data), (20 bytes).
    Removing misc.o(.emb_text), (8 bytes).
    Removing misc.o(i.NVIC_SetVectorTable), (20 bytes).
    Removing misc.o(i.NVIC_SystemLPConfig), (24 bytes).
    Removing misc.o(i.SysTick_CLKSourceConfig), (24 bytes).
    Removing stm32f4xx_exti.o(.emb_text), (8 bytes).
    Removing stm32f4xx_exti.o(i.EXTI_ClearFlag), (12 bytes).
    Removing stm32f4xx_exti.o(i.EXTI_ClearITPendingBit), (12 bytes).
    Removing stm32f4xx_exti.o(i.EXTI_DeInit), (36 bytes).
    Removing stm32f4xx_exti.o(i.EXTI_GenerateSWInterrupt), (16 bytes).
    Removing stm32f4xx_exti.o(i.EXTI_GetFlagStatus), (20 bytes).
    Removing stm32f4xx_exti.o(i.EXTI_GetITStatus), (32 bytes).
    Removing stm32f4xx_exti.o(i.EXTI_Init), (116 bytes).
    Removing stm32f4xx_exti.o(i.EXTI_StructInit), (14 bytes).
    Removing stm32f4xx_gpio.o(.emb_text), (8 bytes).
    Removing stm32f4xx_gpio.o(i.GPIO_DeInit), (228 bytes).
    Removing stm32f4xx_gpio.o(i.GPIO_PinLockConfig), (16 bytes).
    Removing stm32f4xx_gpio.o(i.GPIO_ReadInputData), (6 bytes).
    Removing stm32f4xx_gpio.o(i.GPIO_ReadOutputData), (6 bytes).
    Removing stm32f4xx_gpio.o(i.GPIO_ReadOutputDataBit), (14 bytes).
    Removing stm32f4xx_gpio.o(i.GPIO_ToggleBits), (8 bytes).
    Removing stm32f4xx_gpio.o(i.GPIO_Write), (4 bytes).
    Removing stm32f4xx_gpio.o(i.GPIO_WriteBit), (10 bytes).
    Removing stm32f4xx_rcc.o(.emb_text), (8 bytes).
    Removing stm32f4xx_rcc.o(i.RCC_AHB1PeriphClockLPModeCmd), (24 bytes).
    Removing stm32f4xx_rcc.o(i.RCC_AHB1PeriphResetCmd), (24 bytes).
    Removing stm32f4xx_rcc.o(i.RCC_AHB2PeriphClockCmd), (24 bytes).
    Removing stm32f4xx_rcc.o(i.RCC_AHB2PeriphClockLPModeCmd), (24 bytes).
    Removing stm32f4xx_rcc.o(i.RCC_AHB2PeriphResetCmd), (24 bytes).
    Removing stm32f4xx_rcc.o(i.RCC_AHB3PeriphClockCmd), (24 bytes).
    Removing stm32f4xx_rcc.o(i.RCC_AHB3PeriphClockLPModeCmd), (24 bytes).
    Removing stm32f4xx_rcc.o(i.RCC_AHB3PeriphResetCmd), (24 bytes).
    Removing stm32f4xx_rcc.o(i.RCC_APB1PeriphClockLPModeCmd), (24 bytes).
    Removing stm32f4xx_rcc.o(i.RCC_APB1PeriphResetCmd), (24 bytes).
    Removing stm32f4xx_rcc.o(i.RCC_APB2PeriphClockCmd), (24 bytes).
    Removing stm32f4xx_rcc.o(i.RCC_APB2PeriphClockLPModeCmd), (24 bytes).
    Removing stm32f4xx_rcc.o(i.RCC_APB2PeriphResetCmd), (24 bytes).
    Removing stm32f4xx_rcc.o(i.RCC_AdjustHSICalibrationValue), (20 bytes).
    Removing stm32f4xx_rcc.o(i.RCC_BackupResetCmd), (12 bytes).
    Removing stm32f4xx_rcc.o(i.RCC_ClearFlag), (16 bytes).
    Removing stm32f4xx_rcc.o(i.RCC_ClearITPendingBit), (12 bytes).
    Removing stm32f4xx_rcc.o(i.RCC_ClockSecuritySystemCmd), (12 bytes).
    Removing stm32f4xx_rcc.o(i.RCC_DeInit), (60 bytes).
    Removing stm32f4xx_rcc.o(i.RCC_GetFlagStatus), (52 bytes).
    Removing stm32f4xx_rcc.o(i.RCC_GetITStatus), (20 bytes).
    Removing stm32f4xx_rcc.o(i.RCC_GetSYSCLKSource), (16 bytes).
    Removing stm32f4xx_rcc.o(i.RCC_HCLKConfig), (20 bytes).
    Removing stm32f4xx_rcc.o(i.RCC_HSEConfig), (16 bytes).
    Removing stm32f4xx_rcc.o(i.RCC_HSICmd), (12 bytes).
    Removing stm32f4xx_rcc.o(i.RCC_I2SCLKConfig), (12 bytes).
    Removing stm32f4xx_rcc.o(i.RCC_ITConfig), (24 bytes).
    Removing stm32f4xx_rcc.o(i.RCC_LSEConfig), (28 bytes).
    Removing stm32f4xx_rcc.o(i.RCC_LSICmd), (12 bytes).
    Removing stm32f4xx_rcc.o(i.RCC_MCO1Config), (20 bytes).
    Removing stm32f4xx_rcc.o(i.RCC_MCO2Config), (20 bytes).
    Removing stm32f4xx_rcc.o(i.RCC_PCLK1Config), (20 bytes).
    Removing stm32f4xx_rcc.o(i.RCC_PCLK2Config), (20 bytes).
    Removing stm32f4xx_rcc.o(i.RCC_PLLCmd), (12 bytes).
    Removing stm32f4xx_rcc.o(i.RCC_PLLConfig), (40 bytes).
    Removing stm32f4xx_rcc.o(i.RCC_PLLI2SCmd), (12 bytes).
    Removing stm32f4xx_rcc.o(i.RCC_PLLI2SConfig), (16 bytes).
    Removing stm32f4xx_rcc.o(i.RCC_RTCCLKCmd), (12 bytes).
    Removing stm32f4xx_rcc.o(i.RCC_RTCCLKConfig), (48 bytes).
    Removing stm32f4xx_rcc.o(i.RCC_SYSCLKConfig), (20 bytes).
    Removing stm32f4xx_rcc.o(i.RCC_WaitForHSEStartUp), (38 bytes).
    Removing stm32f4xx_syscfg.o(.emb_text), (8 bytes).
    Removing stm32f4xx_syscfg.o(i.SYSCFG_CompensationCellCmd), (12 bytes).
    Removing stm32f4xx_syscfg.o(i.SYSCFG_DeInit), (24 bytes).
    Removing stm32f4xx_syscfg.o(i.SYSCFG_ETH_MediaInterfaceConfig), (12 bytes).
    Removing stm32f4xx_syscfg.o(i.SYSCFG_EXTILineConfig), (40 bytes).
    Removing stm32f4xx_syscfg.o(i.SYSCFG_GetCompensationCellStatus), (20 bytes).
    Removing stm32f4xx_syscfg.o(i.SYSCFG_MemoryRemapConfig), (12 bytes).
    Removing stm32f4xx_usart.o(.emb_text), (8 bytes).
    Removing stm32f4xx_usart.o(i.USART_ClearFlag), (6 bytes).
    Removing stm32f4xx_usart.o(i.USART_ClearITPendingBit), (12 bytes).
    Removing stm32f4xx_usart.o(i.USART_ClockInit), (28 bytes).
    Removing stm32f4xx_usart.o(i.USART_ClockStructInit), (12 bytes).
    Removing stm32f4xx_usart.o(i.USART_DMACmd), (16 bytes).
    Removing stm32f4xx_usart.o(i.USART_DeInit), (140 bytes).
    Removing stm32f4xx_usart.o(i.USART_HalfDuplexCmd), (20 bytes).
    Removing stm32f4xx_usart.o(i.USART_IrDACmd), (20 bytes).
    Removing stm32f4xx_usart.o(i.USART_IrDAConfig), (16 bytes).
    Removing stm32f4xx_usart.o(i.USART_LINBreakDetectLengthConfig), (16 bytes).
    Removing stm32f4xx_usart.o(i.USART_LINCmd), (20 bytes).
    Removing stm32f4xx_usart.o(i.USART_OneBitMethodCmd), (20 bytes).
    Removing stm32f4xx_usart.o(i.USART_OverSampling8Cmd), (20 bytes).
    Removing stm32f4xx_usart.o(i.USART_ReceiverWakeUpCmd), (20 bytes).
    Removing stm32f4xx_usart.o(i.USART_SendBreak), (10 bytes).
    Removing stm32f4xx_usart.o(i.USART_SetAddress), (16 bytes).
    Removing stm32f4xx_usart.o(i.USART_SetGuardTime), (16 bytes).
    Removing stm32f4xx_usart.o(i.USART_SetPrescaler), (16 bytes).
    Removing stm32f4xx_usart.o(i.USART_SmartCardCmd), (20 bytes).
    Removing stm32f4xx_usart.o(i.USART_SmartCardNACKCmd), (20 bytes).
    Removing stm32f4xx_usart.o(i.USART_StructInit), (22 bytes).
    Removing stm32f4xx_usart.o(i.USART_WakeUpConfig), (16 bytes).
    Removing stm32f4xx_tim.o(.emb_text), (8 bytes).
    Removing stm32f4xx_tim.o(i.TI1_Config), (44 bytes).
    Removing stm32f4xx_tim.o(i.TI2_Config), (46 bytes).
    Removing stm32f4xx_tim.o(i.TIM_BDTRConfig), (34 bytes).
    Removing stm32f4xx_tim.o(i.TIM_BDTRStructInit), (18 bytes).
    Removing stm32f4xx_tim.o(i.TIM_CCPreloadControl), (20 bytes).
    Removing stm32f4xx_tim.o(i.TIM_CCxCmd), (22 bytes).
    Removing stm32f4xx_tim.o(i.TIM_CCxNCmd), (22 bytes).
    Removing stm32f4xx_tim.o(i.TIM_ClearFlag), (6 bytes).
    Removing stm32f4xx_tim.o(i.TIM_ClearOC1Ref), (12 bytes).
    Removing stm32f4xx_tim.o(i.TIM_ClearOC2Ref), (14 bytes).
    Removing stm32f4xx_tim.o(i.TIM_ClearOC3Ref), (12 bytes).
    Removing stm32f4xx_tim.o(i.TIM_ClearOC4Ref), (14 bytes).
    Removing stm32f4xx_tim.o(i.TIM_CounterModeConfig), (12 bytes).
    Removing stm32f4xx_tim.o(i.TIM_CtrlPWMOutputs), (22 bytes).
    Removing stm32f4xx_tim.o(i.TIM_DMACmd), (16 bytes).
    Removing stm32f4xx_tim.o(i.TIM_DMAConfig), (8 bytes).
    Removing stm32f4xx_tim.o(i.TIM_DeInit), (336 bytes).
    Removing stm32f4xx_tim.o(i.TIM_ETRClockMode1Config), (18 bytes).
    Removing stm32f4xx_tim.o(i.TIM_ETRClockMode2Config), (18 bytes).
    Removing stm32f4xx_tim.o(i.TIM_ETRConfig), (22 bytes).
    Removing stm32f4xx_tim.o(i.TIM_ForcedOC1Config), (12 bytes).
    Removing stm32f4xx_tim.o(i.TIM_ForcedOC2Config), (14 bytes).
    Removing stm32f4xx_tim.o(i.TIM_ForcedOC3Config), (12 bytes).
    Removing stm32f4xx_tim.o(i.TIM_ForcedOC4Config), (14 bytes).
    Removing stm32f4xx_tim.o(i.TIM_GenerateEvent), (4 bytes).
    Removing stm32f4xx_tim.o(i.TIM_GetCapture3), (4 bytes).
    Removing stm32f4xx_tim.o(i.TIM_GetCapture4), (4 bytes).
    Removing stm32f4xx_tim.o(i.TIM_GetFlagStatus), (14 bytes).
    Removing stm32f4xx_tim.o(i.TIM_GetPrescaler), (4 bytes).
    Removing stm32f4xx_tim.o(i.TIM_ICInit), (160 bytes).
    Removing stm32f4xx_tim.o(i.TIM_ICStructInit), (16 bytes).
    Removing stm32f4xx_tim.o(i.TIM_ITRxExternalClockConfig), (18 bytes).
    Removing stm32f4xx_tim.o(i.TIM_InternalClockConfig), (10 bytes).
    Removing stm32f4xx_tim.o(i.TIM_OC1FastConfig), (12 bytes).
    Removing stm32f4xx_tim.o(i.TIM_OC1NPolarityConfig), (12 bytes).
    Removing stm32f4xx_tim.o(i.TIM_OC1PolarityConfig), (12 bytes).
    Removing stm32f4xx_tim.o(i.TIM_OC2FastConfig), (14 bytes).
    Removing stm32f4xx_tim.o(i.TIM_OC2NPolarityConfig), (14 bytes).
    Removing stm32f4xx_tim.o(i.TIM_OC2PolarityConfig), (14 bytes).
    Removing stm32f4xx_tim.o(i.TIM_OC3FastConfig), (12 bytes).
    Removing stm32f4xx_tim.o(i.TIM_OC3NPolarityConfig), (14 bytes).
    Removing stm32f4xx_tim.o(i.TIM_OC3PolarityConfig), (14 bytes).
    Removing stm32f4xx_tim.o(i.TIM_OC4FastConfig), (14 bytes).
    Removing stm32f4xx_tim.o(i.TIM_OC4PolarityConfig), (14 bytes).
    Removing stm32f4xx_tim.o(i.TIM_OCStructInit), (20 bytes).
    Removing stm32f4xx_tim.o(i.TIM_PWMIConfig), (108 bytes).
    Removing stm32f4xx_tim.o(i.TIM_RemapConfig), (6 bytes).
    Removing stm32f4xx_tim.o(i.TIM_SelectCCDMA), (20 bytes).
    Removing stm32f4xx_tim.o(i.TIM_SelectCOM), (20 bytes).
    Removing stm32f4xx_tim.o(i.TIM_SelectHallSensor), (20 bytes).
    Removing stm32f4xx_tim.o(i.TIM_SelectInputTrigger), (12 bytes).
    Removing stm32f4xx_tim.o(i.TIM_SelectMasterSlaveMode), (16 bytes).
    Removing stm32f4xx_tim.o(i.TIM_SelectOCxM), (70 bytes).
    Removing stm32f4xx_tim.o(i.TIM_SelectOnePulseMode), (16 bytes).
    Removing stm32f4xx_tim.o(i.TIM_SelectOutputTrigger), (16 bytes).
    Removing stm32f4xx_tim.o(i.TIM_SelectSlaveMode), (16 bytes).
    Removing stm32f4xx_tim.o(i.TIM_SetClockDivision), (16 bytes).
    Removing stm32f4xx_tim.o(i.TIM_SetIC1Prescaler), (16 bytes).
    Removing stm32f4xx_tim.o(i.TIM_SetIC2Prescaler), (18 bytes).
    Removing stm32f4xx_tim.o(i.TIM_SetIC3Prescaler), (16 bytes).
    Removing stm32f4xx_tim.o(i.TIM_SetIC4Prescaler), (18 bytes).
    Removing stm32f4xx_tim.o(i.TIM_TIxExternalClockConfig), (44 bytes).
    Removing stm32f4xx_tim.o(i.TIM_TimeBaseStructInit), (18 bytes).
    Removing stm32f4xx_tim.o(i.TIM_UpdateDisableConfig), (20 bytes).
    Removing stm32f4xx_tim.o(i.TIM_UpdateRequestConfig), (20 bytes).
    Removing stm32f4_discovery_lis302dl.o(.emb_text), (8 bytes).
    Removing stm32f4_discovery_lis302dl.o(i.LIS302DL_DataRateCmd), (40 bytes).
    Removing stm32f4_discovery_lis302dl.o(i.LIS302DL_FilterConfig), (60 bytes).
    Removing stm32f4_discovery_lis302dl.o(i.LIS302DL_FullScaleCmd), (40 bytes).
    Removing stm32f4_discovery_lis302dl.o(i.LIS302DL_Init), (48 bytes).
    Removing stm32f4_discovery_lis302dl.o(i.LIS302DL_InterruptConfig), (46 bytes).
    Removing stm32f4_discovery_lis302dl.o(i.LIS302DL_LowLevel_Init), (288 bytes).
    Removing stm32f4_discovery_lis302dl.o(i.LIS302DL_LowpowerCmd), (40 bytes).
    Removing stm32f4_discovery_lis302dl.o(i.LIS302DL_Read), (76 bytes).
    Removing stm32f4_discovery_lis302dl.o(i.LIS302DL_ReadACC), (96 bytes).
    Removing stm32f4_discovery_lis302dl.o(i.LIS302DL_RebootCmd), (36 bytes).
    Removing stm32f4_discovery_lis302dl.o(i.LIS302DL_SendByte), (100 bytes).
    Removing stm32f4_discovery_lis302dl.o(i.LIS302DL_Write), (68 bytes).
    Removing stm32f4_discovery_lis302dl.o(.data), (4 bytes).
    Removing stm32f4xx_spi.o(.emb_text), (8 bytes).
    Removing stm32f4xx_spi.o(i.I2S_Cmd), (20 bytes).
    Removing stm32f4xx_spi.o(i.I2S_FullDuplexConfig), (62 bytes).
    Removing stm32f4xx_spi.o(i.I2S_Init), (192 bytes).
    Removing stm32f4xx_spi.o(i.I2S_StructInit), (18 bytes).
    Removing stm32f4xx_spi.o(i.SPI_BiDirectionalLineConfig), (22 bytes).
    Removing stm32f4xx_spi.o(i.SPI_CalculateCRC), (20 bytes).
    Removing stm32f4xx_spi.o(i.SPI_Cmd), (20 bytes).
    Removing stm32f4xx_spi.o(i.SPI_DataSizeConfig), (16 bytes).
    Removing stm32f4xx_spi.o(i.SPI_GetCRC), (12 bytes).
    Removing stm32f4xx_spi.o(i.SPI_GetCRCPolynomial), (4 bytes).
    Removing stm32f4xx_spi.o(i.SPI_I2S_ClearFlag), (6 bytes).
    Removing stm32f4xx_spi.o(i.SPI_I2S_ClearITPendingBit), (14 bytes).
    Removing stm32f4xx_spi.o(i.SPI_I2S_DMACmd), (16 bytes).
    Removing stm32f4xx_spi.o(i.SPI_I2S_DeInit), (84 bytes).
    Removing stm32f4xx_spi.o(i.SPI_I2S_GetFlagStatus), (14 bytes).
    Removing stm32f4xx_spi.o(i.SPI_I2S_GetITStatus), (40 bytes).
    Removing stm32f4xx_spi.o(i.SPI_I2S_ITConfig), (24 bytes).
    Removing stm32f4xx_spi.o(i.SPI_I2S_ReceiveData), (4 bytes).
    Removing stm32f4xx_spi.o(i.SPI_I2S_SendData), (4 bytes).
    Removing stm32f4xx_spi.o(i.SPI_Init), (56 bytes).
    Removing stm32f4xx_spi.o(i.SPI_NSSInternalSoftwareConfig), (24 bytes).
    Removing stm32f4xx_spi.o(i.SPI_SSOutputCmd), (20 bytes).
    Removing stm32f4xx_spi.o(i.SPI_StructInit), (24 bytes).
    Removing stm32f4xx_spi.o(i.SPI_TIModeCmd), (20 bytes).
    Removing stm32f4xx_spi.o(i.SPI_TransmitCRC), (10 bytes).
    Removing stm32f4_discovery.o(.emb_text), (8 bytes).
    Removing stm32f4_discovery.o(i.STM_EVAL_LEDToggle), (28 bytes).
    Removing stm32f4_discovery.o(i.STM_EVAL_PBGetState), (24 bytes).
    Removing stm32f4_discovery.o(i.STM_EVAL_PBInit), (152 bytes).
    Removing stm32f4_discovery.o(.data), (4 bytes).
    Removing startup_stm32f4xx.o(HEAP), (512 bytes).
    Removing encoder.o(.emb_text), (8 bytes).
    Removing motor.o(.emb_text), (8 bytes).
    Removing realtime_manage.o(.emb_text), (8 bytes).
    Removing servo.o(.emb_text), (8 bytes).
    Removing bluetooth_hc06.o(.emb_text), (8 bytes).
    Removing bluetooth_hc06.o(i.GetKey), (32 bytes).
    Removing bluetooth_hc06.o(i._sys_exit), (2 bytes).
    Removing bluetooth_hc06.o(i._ttywrch), (4 bytes).
    Removing bluetooth_hc06.o(i.ferror), (6 bytes).
    Removing bluetooth_hc06.o(i.fgetc), (14 bytes).
    Removing bluetooth_hc06.o(.data), (4 bytes).
    Removing ultrasonic_sr04.o(.emb_text), (8 bytes).
    Removing acceleration_sensor.o(.emb_text), (8 bytes).
    Removing acceleration_sensor.o(i.LIS302DL_TIMEOUT_UserCallback), (2 bytes).
    Removing acceleration_sensor.o(i.XYZ_Get_Value), (16 bytes).
    Removing acceleration_sensor.o(i.acceleration_sensor_Init), (144 bytes).
    Removing acceleration_sensor.o(.data), (2 bytes).
    Removing acceleration_sensor.o(.data), (4 bytes).
    Removing acceleration_sensor.o(.data), (9 bytes).
    Removing dadd.o(.text), (332 bytes).
    Removing dmul.o(.text), (224 bytes).
    Removing ddiv.o(.text), (222 bytes).
    Removing dfixul.o(.text), (48 bytes).
    Removing cdrcmple.o(.text), (40 bytes).
    Removing depilogue.o(.text), (190 bytes).

238 unused section(s) (total 7955 bytes) removed from the image.

==============================================================================

Image Symbol Table

    Local Symbols

    Symbol Name                              Value     Ov Type        Size  Object(Section)

    ../../microlib/division.c                0x00000000   Number         0  uidiv.o ABSOLUTE
    ../../microlib/division.c                0x00000000   Number         0  uldiv.o ABSOLUTE
    ../../microlib/fpadd.c                   0x00000000   Number         0  dadd.o ABSOLUTE
    ../../microlib/fpdiv.c                   0x00000000   Number         0  ddiv.o ABSOLUTE
    ../../microlib/fpepilogue.c              0x00000000   Number         0  depilogue.o ABSOLUTE
    ../../microlib/fpfix.c                   0x00000000   Number         0  dfixul.o ABSOLUTE
    ../../microlib/fpmul.c                   0x00000000   Number         0  dmul.o ABSOLUTE
    ../../microlib/init/entry.s              0x00000000   Number         0  entry2.o ABSOLUTE
    ../../microlib/init/entry.s              0x00000000   Number         0  entry7a.o ABSOLUTE
    ../../microlib/init/entry.s              0x00000000   Number         0  entry.o ABSOLUTE
    ../../microlib/init/entry.s              0x00000000   Number         0  entry7b.o ABSOLUTE
    ../../microlib/init/entry.s              0x00000000   Number         0  entry5.o ABSOLUTE
    ../../microlib/init/entry.s              0x00000000   Number         0  entry8.o ABSOLUTE
    ../../microlib/longlong.c                0x00000000   Number         0  llsshr.o ABSOLUTE
    ../../microlib/longlong.c                0x00000000   Number         0  llshl.o ABSOLUTE
    ../../microlib/longlong.c                0x00000000   Number         0  llushr.o ABSOLUTE
    ../../microlib/printf/printf.c           0x00000000   Number         0  printf5.o ABSOLUTE
    ../../microlib/printf/printf.c           0x00000000   Number         0  printf8.o ABSOLUTE
    ../../microlib/printf/printf.c           0x00000000   Number         0  printf7.o ABSOLUTE
    ../../microlib/printf/printf.c           0x00000000   Number         0  printf6.o ABSOLUTE
    ../../microlib/printf/printf.c           0x00000000   Number         0  printf4.o ABSOLUTE
    ../../microlib/printf/printf.c           0x00000000   Number         0  printf3.o ABSOLUTE
    ../../microlib/printf/printf.c           0x00000000   Number         0  printf0.o ABSOLUTE
    ../../microlib/printf/printf.c           0x00000000   Number         0  printfb.o ABSOLUTE
    ../../microlib/printf/printf.c           0x00000000   Number         0  printf2.o ABSOLUTE
    ../../microlib/printf/printf.c           0x00000000   Number         0  printf1.o ABSOLUTE
    ../../microlib/printf/printf.c           0x00000000   Number         0  printfa.o ABSOLUTE
    ../../microlib/printf/stubs.s            0x00000000   Number         0  stubs.o ABSOLUTE
    ../../microlib/stubs.s                   0x00000000   Number         0  iusefp.o ABSOLUTE
    ..\..\..\Libraries\CMSIS\ST\STM32F4xx\Source\Templates\arm\startup_stm32f4xx.s 0x00000000   Number         0  startup_stm32f4xx.o ABSOLUTE
    ..\..\..\Libraries\STM32F4xx_StdPeriph_Driver\src\misc.c 0x00000000   Number         0  misc.o ABSOLUTE
    ..\..\..\Libraries\STM32F4xx_StdPeriph_Driver\src\stm32f4xx_exti.c 0x00000000   Number         0  stm32f4xx_exti.o ABSOLUTE
    ..\..\..\Libraries\STM32F4xx_StdPeriph_Driver\src\stm32f4xx_gpio.c 0x00000000   Number         0  stm32f4xx_gpio.o ABSOLUTE
    ..\..\..\Libraries\STM32F4xx_StdPeriph_Driver\src\stm32f4xx_rcc.c 0x00000000   Number         0  stm32f4xx_rcc.o ABSOLUTE
    ..\..\..\Libraries\STM32F4xx_StdPeriph_Driver\src\stm32f4xx_spi.c 0x00000000   Number         0  stm32f4xx_spi.o ABSOLUTE
    ..\..\..\Libraries\STM32F4xx_StdPeriph_Driver\src\stm32f4xx_syscfg.c 0x00000000   Number         0  stm32f4xx_syscfg.o ABSOLUTE
    ..\..\..\Libraries\STM32F4xx_StdPeriph_Driver\src\stm32f4xx_tim.c 0x00000000   Number         0  stm32f4xx_tim.o ABSOLUTE
    ..\..\..\Libraries\STM32F4xx_StdPeriph_Driver\src\stm32f4xx_usart.c 0x00000000   Number         0  stm32f4xx_usart.o ABSOLUTE
    ..\..\..\Utilities\STM32F4-Discovery\stm32f4_discovery.c 0x00000000   Number         0  stm32f4_discovery.o ABSOLUTE
    ..\..\..\Utilities\STM32F4-Discovery\stm32f4_discovery_lis302dl.c 0x00000000   Number         0  stm32f4_discovery_lis302dl.o ABSOLUTE
    ..\Bluetooth_HC06.c                      0x00000000   Number         0  bluetooth_hc06.o ABSOLUTE
    ..\Manual.c                              0x00000000   Number         0  manual.o ABSOLUTE
    ..\Realtime_Manage.c                     0x00000000   Number         0  realtime_manage.o ABSOLUTE
    ..\Servo.c                               0x00000000   Number         0  servo.o ABSOLUTE
    ..\Ultrasonic_SR04.c                     0x00000000   Number         0  ultrasonic_sr04.o ABSOLUTE
    ..\\..\\..\\Libraries\\STM32F4xx_StdPeriph_Driver\\src\\misc.c 0x00000000   Number         0  misc.o ABSOLUTE
    ..\\..\\..\\Libraries\\STM32F4xx_StdPeriph_Driver\\src\\stm32f4xx_exti.c 0x00000000   Number         0  stm32f4xx_exti.o ABSOLUTE
    ..\\..\\..\\Libraries\\STM32F4xx_StdPeriph_Driver\\src\\stm32f4xx_gpio.c 0x00000000   Number         0  stm32f4xx_gpio.o ABSOLUTE
    ..\\..\\..\\Libraries\\STM32F4xx_StdPeriph_Driver\\src\\stm32f4xx_rcc.c 0x00000000   Number         0  stm32f4xx_rcc.o ABSOLUTE
    ..\\..\\..\\Libraries\\STM32F4xx_StdPeriph_Driver\\src\\stm32f4xx_spi.c 0x00000000   Number         0  stm32f4xx_spi.o ABSOLUTE
    ..\\..\\..\\Libraries\\STM32F4xx_StdPeriph_Driver\\src\\stm32f4xx_syscfg.c 0x00000000   Number         0  stm32f4xx_syscfg.o ABSOLUTE
    ..\\..\\..\\Libraries\\STM32F4xx_StdPeriph_Driver\\src\\stm32f4xx_tim.c 0x00000000   Number         0  stm32f4xx_tim.o ABSOLUTE
    ..\\..\\..\\Libraries\\STM32F4xx_StdPeriph_Driver\\src\\stm32f4xx_usart.c 0x00000000   Number         0  stm32f4xx_usart.o ABSOLUTE
    ..\\..\\..\\Utilities\\STM32F4-Discovery\\stm32f4_discovery.c 0x00000000   Number         0  stm32f4_discovery.o ABSOLUTE
    ..\\..\\..\\Utilities\\STM32F4-Discovery\\stm32f4_discovery_lis302dl.c 0x00000000   Number         0  stm32f4_discovery_lis302dl.o ABSOLUTE
    ..\\Bluetooth_HC06.c                     0x00000000   Number         0  bluetooth_hc06.o ABSOLUTE
    ..\\Manual.c                             0x00000000   Number         0  manual.o ABSOLUTE
    ..\\Realtime_Manage.c                    0x00000000   Number         0  realtime_manage.o ABSOLUTE
    ..\\Servo.c                              0x00000000   Number         0  servo.o ABSOLUTE
    ..\\Ultrasonic_SR04.c                    0x00000000   Number         0  ultrasonic_sr04.o ABSOLUTE
    ..\\acceleration_sensor.c                0x00000000   Number         0  acceleration_sensor.o ABSOLUTE
    ..\\encoder.c                            0x00000000   Number         0  encoder.o ABSOLUTE
    ..\\main.c                               0x00000000   Number         0  main.o ABSOLUTE
    ..\\motor.c                              0x00000000   Number         0  motor.o ABSOLUTE
    ..\\stm32f4xx_it.c                       0x00000000   Number         0  stm32f4xx_it.o ABSOLUTE
    ..\\system_stm32f4xx.c                   0x00000000   Number         0  system_stm32f4xx.o ABSOLUTE
    ..\acceleration_sensor.c                 0x00000000   Number         0  acceleration_sensor.o ABSOLUTE
    ..\encoder.c                             0x00000000   Number         0  encoder.o ABSOLUTE
    ..\main.c                                0x00000000   Number         0  main.o ABSOLUTE
    ..\motor.c                               0x00000000   Number         0  motor.o ABSOLUTE
    ..\stm32f4xx_it.c                        0x00000000   Number         0  stm32f4xx_it.o ABSOLUTE
    ..\system_stm32f4xx.c                    0x00000000   Number         0  system_stm32f4xx.o ABSOLUTE
    cdrcmple.s                               0x00000000   Number         0  cdrcmple.o ABSOLUTE
    dc.s                                     0x00000000   Number         0  dc.o ABSOLUTE
    handlers.s                               0x00000000   Number         0  handlers.o ABSOLUTE
    init.s                                   0x00000000   Number         0  init.o ABSOLUTE
    RESET                                    0x08000000   Section      392  startup_stm32f4xx.o(RESET)
    .ARM.Collect$$$$00000000                 0x08000188   Section        0  entry.o(.ARM.Collect$$$$00000000)
    .ARM.Collect$$$$00000001                 0x08000188   Section        4  entry2.o(.ARM.Collect$$$$00000001)
    .ARM.Collect$$$$00000004                 0x0800018c   Section        4  entry5.o(.ARM.Collect$$$$00000004)
    .ARM.Collect$$$$00000008                 0x08000190   Section        0  entry7b.o(.ARM.Collect$$$$00000008)
    .ARM.Collect$$$$00000009                 0x08000190   Section        8  entry8.o(.ARM.Collect$$$$00000009)
    .ARM.Collect$$$$00002712                 0x08000198   Section        4  entry2.o(.ARM.Collect$$$$00002712)
    __lit__00000000                          0x08000198   Data           4  entry2.o(.ARM.Collect$$$$00002712)
    .text                                    0x0800019c   Section       36  startup_stm32f4xx.o(.text)
    $v0                                      0x0800019c   Number         0  startup_stm32f4xx.o(.text)
    .text                                    0x080001c0   Section        0  uidiv.o(.text)
    .text                                    0x080001ec   Section       36  init.o(.text)
    i.Assert_BTConection                     0x08000210   Section        0  main.o(i.Assert_BTConection)
    i.Bluetooth_Module_Init                  0x080002b0   Section        0  bluetooth_hc06.o(i.Bluetooth_Module_Init)
    i.BusFault_Handler                       0x080003a8   Section        0  stm32f4xx_it.o(i.BusFault_Handler)
    i.DebugMon_Handler                       0x080003aa   Section        0  stm32f4xx_it.o(i.DebugMon_Handler)
    i.Encoders_Init                          0x080003ac   Section        0  encoder.o(i.Encoders_Init)
    i.Encoders_Read                          0x08000498   Section        0  encoder.o(i.Encoders_Read)
    i.Encoders_Reset                         0x080004e8   Section        0  encoder.o(i.Encoders_Reset)
    i.GPIO_Init                              0x0800051c   Section        0  stm32f4xx_gpio.o(i.GPIO_Init)
    i.GPIO_PinAFConfig                       0x08000598   Section        0  stm32f4xx_gpio.o(i.GPIO_PinAFConfig)
    i.GPIO_ReadInputDataBit                  0x080005b8   Section        0  stm32f4xx_gpio.o(i.GPIO_ReadInputDataBit)
    i.GPIO_ResetBits                         0x080005c6   Section        0  stm32f4xx_gpio.o(i.GPIO_ResetBits)
    i.GPIO_SetBits                           0x080005ca   Section        0  stm32f4xx_gpio.o(i.GPIO_SetBits)
    i.GPIO_StructInit                        0x080005ce   Section        0  stm32f4xx_gpio.o(i.GPIO_StructInit)
    i.Get_Distance_A                         0x080005e0   Section        0  ultrasonic_sr04.o(i.Get_Distance_A)
    i.Get_Distance_B                         0x08000648   Section        0  ultrasonic_sr04.o(i.Get_Distance_B)
    i.HardFault_Handler                      0x080006b0   Section        0  stm32f4xx_it.o(i.HardFault_Handler)
    i.Led_Indicater                          0x080006b4   Section        0  manual.o(i.Led_Indicater)
    i.Lock_Move                              0x080006f0   Section        0  manual.o(i.Lock_Move)
    i.MANUAL_MODE                            0x0800078c   Section        0  manual.o(i.MANUAL_MODE)
    i.MemManage_Handler                      0x08000b4c   Section        0  stm32f4xx_it.o(i.MemManage_Handler)
    i.Micro_Delay                            0x08000b50   Section        0  realtime_manage.o(i.Micro_Delay)
    i.Mili_Delay                             0x08000b60   Section        0  realtime_manage.o(i.Mili_Delay)
    i.NMI_Handler                            0x08000b70   Section        0  stm32f4xx_it.o(i.NMI_Handler)
    i.NVIC_Init                              0x08000b74   Section        0  misc.o(i.NVIC_Init)
    i.NVIC_PriorityGroupConfig               0x08000bd8   Section        0  misc.o(i.NVIC_PriorityGroupConfig)
    i.PWM_Config                             0x08000bec   Section        0  motor.o(i.PWM_Config)
    i.PendSV_Handler                         0x08000c80   Section        0  stm32f4xx_it.o(i.PendSV_Handler)
    i.RCC_AHB1PeriphClockCmd                 0x08000c84   Section        0  stm32f4xx_rcc.o(i.RCC_AHB1PeriphClockCmd)
    i.RCC_APB1PeriphClockCmd                 0x08000c9c   Section        0  stm32f4xx_rcc.o(i.RCC_APB1PeriphClockCmd)
    i.RCC_GetClocksFreq                      0x08000cb4   Section        0  stm32f4xx_rcc.o(i.RCC_GetClocksFreq)
    i.STM_EVAL_LEDInit                       0x08000d4c   Section        0  stm32f4_discovery.o(i.STM_EVAL_LEDInit)
    i.STM_EVAL_LEDOff                        0x08000d94   Section        0  stm32f4_discovery.o(i.STM_EVAL_LEDOff)
    i.STM_EVAL_LEDOn                         0x08000dac   Section        0  stm32f4_discovery.o(i.STM_EVAL_LEDOn)
    i.SVC_Handler                            0x08000dc4   Section        0  stm32f4xx_it.o(i.SVC_Handler)
    i.SendChar                               0x08000dc8   Section        0  bluetooth_hc06.o(i.SendChar)
    i.Servo_A_Update                         0x08000e04   Section        0  servo.o(i.Servo_A_Update)
    i.Servo_B_Update                         0x08000e20   Section        0  servo.o(i.Servo_B_Update)
    i.Servo_Init                             0x08000e40   Section        0  servo.o(i.Servo_Init)
    i.SetSysClock                            0x08000f30   Section        0  system_stm32f4xx.o(i.SetSysClock)
    SetSysClock                              0x08000f31   Thumb Code   140  system_stm32f4xx.o(i.SetSysClock)
    i.SystemInit                             0x08000fcc   Section        0  system_stm32f4xx.o(i.SystemInit)
    i.TIM4_IRQHandler                        0x0800101c   Section        0  realtime_manage.o(i.TIM4_IRQHandler)
    i.TIMER_Pin_Connect                      0x080010bc   Section        0  motor.o(i.TIMER_Pin_Connect)
    i.TIM_ARRPreloadConfig                   0x08001124   Section        0  stm32f4xx_tim.o(i.TIM_ARRPreloadConfig)
    i.TIM_ClearITPendingBit                  0x08001138   Section        0  stm32f4xx_tim.o(i.TIM_ClearITPendingBit)
    i.TIM_Cmd                                0x0800113e   Section        0  stm32f4xx_tim.o(i.TIM_Cmd)
    i.TIM_EncoderInterfaceConfig             0x08001152   Section        0  stm32f4xx_tim.o(i.TIM_EncoderInterfaceConfig)
    i.TIM_GetCapture1                        0x0800117e   Section        0  stm32f4xx_tim.o(i.TIM_GetCapture1)
    i.TIM_GetCapture2                        0x08001182   Section        0  stm32f4xx_tim.o(i.TIM_GetCapture2)
    i.TIM_GetCounter                         0x08001186   Section        0  stm32f4xx_tim.o(i.TIM_GetCounter)
    i.TIM_GetITStatus                        0x0800118a   Section        0  stm32f4xx_tim.o(i.TIM_GetITStatus)
    i.TIM_ITConfig                           0x080011a0   Section        0  stm32f4xx_tim.o(i.TIM_ITConfig)
    i.TIM_OC1Init                            0x080011b0   Section        0  stm32f4xx_tim.o(i.TIM_OC1Init)
    i.TIM_OC1PreloadConfig                   0x08001210   Section        0  stm32f4xx_tim.o(i.TIM_OC1PreloadConfig)
    i.TIM_OC2Init                            0x0800121c   Section        0  stm32f4xx_tim.o(i.TIM_OC2Init)
    i.TIM_OC2PreloadConfig                   0x08001298   Section        0  stm32f4xx_tim.o(i.TIM_OC2PreloadConfig)
    i.TIM_OC3Init                            0x080012a8   Section        0  stm32f4xx_tim.o(i.TIM_OC3Init)
    i.TIM_OC3PreloadConfig                   0x08001320   Section        0  stm32f4xx_tim.o(i.TIM_OC3PreloadConfig)
    i.TIM_OC4Init                            0x0800132c   Section        0  stm32f4xx_tim.o(i.TIM_OC4Init)
    i.TIM_OC4PreloadConfig                   0x08001388   Section        0  stm32f4xx_tim.o(i.TIM_OC4PreloadConfig)
    i.TIM_PrescalerConfig                    0x08001396   Section        0  stm32f4xx_tim.o(i.TIM_PrescalerConfig)
    i.TIM_SetAutoreload                      0x0800139c   Section        0  stm32f4xx_tim.o(i.TIM_SetAutoreload)
    i.TIM_SetCompare1                        0x080013a0   Section        0  stm32f4xx_tim.o(i.TIM_SetCompare1)
    i.TIM_SetCompare2                        0x080013a4   Section        0  stm32f4xx_tim.o(i.TIM_SetCompare2)
    i.TIM_SetCompare3                        0x080013a8   Section        0  stm32f4xx_tim.o(i.TIM_SetCompare3)
    i.TIM_SetCompare4                        0x080013ac   Section        0  stm32f4xx_tim.o(i.TIM_SetCompare4)
    i.TIM_SetCounter                         0x080013b0   Section        0  stm32f4xx_tim.o(i.TIM_SetCounter)
    i.TIM_TimeBaseInit                       0x080013b4   Section        0  stm32f4xx_tim.o(i.TIM_TimeBaseInit)
    i.Timeout_GetStatus                      0x08001434   Section        0  realtime_manage.o(i.Timeout_GetStatus)
    i.Timeout_Manage_Config                  0x08001454   Section        0  realtime_manage.o(i.Timeout_Manage_Config)
    i.Timeout_SetStatus                      0x08001504   Section        0  realtime_manage.o(i.Timeout_SetStatus)
    i.UART4_IRQHandler                       0x0800151c   Section        0  bluetooth_hc06.o(i.UART4_IRQHandler)
    i.USART_Cmd                              0x08001598   Section        0  stm32f4xx_usart.o(i.USART_Cmd)
    i.USART_GetFlagStatus                    0x080015ac   Section        0  stm32f4xx_usart.o(i.USART_GetFlagStatus)
    i.USART_GetITStatus                      0x080015ba   Section        0  stm32f4xx_usart.o(i.USART_GetITStatus)
    i.USART_ITConfig                         0x080015f8   Section        0  stm32f4xx_usart.o(i.USART_ITConfig)
    i.USART_Init                             0x08001628   Section        0  stm32f4xx_usart.o(i.USART_Init)
    i.USART_ReceiveData                      0x080016e0   Section        0  stm32f4xx_usart.o(i.USART_ReceiveData)
    i.USART_SendData                         0x080016e8   Section        0  stm32f4xx_usart.o(i.USART_SendData)
    i.Ultrasonic_Process                     0x080016f0   Section        0  manual.o(i.Ultrasonic_Process)
    i.Ultrasonic_Sensor_Init                 0x0800175c   Section        0  ultrasonic_sr04.o(i.Ultrasonic_Sensor_Init)
    i.UsageFault_Handler                     0x080017ec   Section        0  stm32f4xx_it.o(i.UsageFault_Handler)
    i.__0printf$1                            0x080017f0   Section        0  printf1.o(i.__0printf$1)
    i.__scatterload_copy                     0x08001810   Section       14  handlers.o(i.__scatterload_copy)
    i.__scatterload_null                     0x0800181e   Section        2  handlers.o(i.__scatterload_null)
    i.__scatterload_zeroinit                 0x08001820   Section       14  handlers.o(i.__scatterload_zeroinit)
    i._printf_core                           0x08001830   Section        0  printf1.o(i._printf_core)
    _printf_core                             0x08001831   Thumb Code   332  printf1.o(i._printf_core)
    i.fputc                                  0x08001980   Section        0  bluetooth_hc06.o(i.fputc)
    i.main                                   0x08001984   Section        0  main.o(i.main)
    i.motorA_update                          0x080019d4   Section        0  motor.o(i.motorA_update)
    i.motorB_update                          0x08001a08   Section        0  motor.o(i.motorB_update)
    i.motor_init                             0x08001a3c   Section        0  motor.o(i.motor_init)
    .constdata                               0x08001a4c   Section       36  stm32f4_discovery.o(.constdata)
    .data                                    0x20000000   Section       28  main.o(.data)
    .data                                    0x2000001c   Section        4  main.o(.data)
    .data                                    0x20000020   Section        4  main.o(.data)
    .data                                    0x20000024   Section       16  stm32f4xx_rcc.o(.data)
    APBAHBPrescTable                         0x20000024   Data          16  stm32f4xx_rcc.o(.data)
    .data                                    0x20000034   Section       20  stm32f4_discovery.o(.data)
    .data                                    0x20000048   Section       20  encoder.o(.data)
    oldEncoderB                              0x2000004c   Data           2  encoder.o(.data)
    oldEncoderA                              0x2000004e   Data           2  encoder.o(.data)
    EncoderB                                 0x20000050   Data           2  encoder.o(.data)
    EncoderA                                 0x20000052   Data           2  encoder.o(.data)
    .data                                    0x2000005c   Section       20  realtime_manage.o(.data)
    .data                                    0x20000070   Section        8  bluetooth_hc06.o(.data)
    t                                        0x20000070   Data           1  bluetooth_hc06.o(.data)
    .data                                    0x20000078   Section        4  bluetooth_hc06.o(.data)
    .data                                    0x2000007c   Section       12  ultrasonic_sr04.o(.data)
    .bss                                     0x20000088   Section       16  manual.o(.bss)
    STACK                                    0x20000098   Section     1024  startup_stm32f4xx.o(STACK)

    Global Symbols

    Symbol Name                              Value     Ov Type        Size  Object(Section)

    BuildAttributes$$THM_ISAv4$E$P$D$K$B$S$7EM$VFPi3$EXTD16$VFPS$VFMA$PE$A:L22UL41UL21$X:L11$S22US41US21$IEEE1$IW$USESV6$~STKCKD$USESV7$~SHL$OSPACE$ROPI$EBA8$MICROLIB$REQ8$PRES8$EABIv2 0x00000000   Number         0  anon$$obj.o ABSOLUTE
    __ARM_use_no_argv                        0x00000000   Number         0  main.o ABSOLUTE
    _printf_a                                0x00000000   Number         0  stubs.o ABSOLUTE
    _printf_c                                0x00000000   Number         0  stubs.o ABSOLUTE
    _printf_charcount                        0x00000000   Number         0  stubs.o ABSOLUTE
    _printf_d                                0x00000000   Number         0  stubs.o ABSOLUTE
    _printf_e                                0x00000000   Number         0  stubs.o ABSOLUTE
    _printf_f                                0x00000000   Number         0  stubs.o ABSOLUTE
    _printf_flags                            0x00000000   Number         0  stubs.o ABSOLUTE
    _printf_fp_dec                           0x00000000   Number         0  stubs.o ABSOLUTE
    _printf_fp_hex                           0x00000000   Number         0  stubs.o ABSOLUTE
    _printf_g                                0x00000000   Number         0  stubs.o ABSOLUTE
    _printf_i                                0x00000000   Number         0  stubs.o ABSOLUTE
    _printf_int_dec                          0x00000000   Number         0  stubs.o ABSOLUTE
    _printf_l                                0x00000000   Number         0  stubs.o ABSOLUTE
    _printf_lc                               0x00000000   Number         0  stubs.o ABSOLUTE
    _printf_ll                               0x00000000   Number         0  stubs.o ABSOLUTE
    _printf_lld                              0x00000000   Number         0  stubs.o ABSOLUTE
    _printf_lli                              0x00000000   Number         0  stubs.o ABSOLUTE
    _printf_llo                              0x00000000   Number         0  stubs.o ABSOLUTE
    _printf_llu                              0x00000000   Number         0  stubs.o ABSOLUTE
    _printf_llx                              0x00000000   Number         0  stubs.o ABSOLUTE
    _printf_longlong_dec                     0x00000000   Number         0  stubs.o ABSOLUTE
    _printf_longlong_hex                     0x00000000   Number         0  stubs.o ABSOLUTE
    _printf_longlong_oct                     0x00000000   Number         0  stubs.o ABSOLUTE
    _printf_ls                               0x00000000   Number         0  stubs.o ABSOLUTE
    _printf_mbtowc                           0x00000000   Number         0  stubs.o ABSOLUTE
    _printf_n                                0x00000000   Number         0  stubs.o ABSOLUTE
    _printf_o                                0x00000000   Number         0  stubs.o ABSOLUTE
    _printf_p                                0x00000000   Number         0  stubs.o ABSOLUTE
    _printf_percent                          0x00000000   Number         0  stubs.o ABSOLUTE
    _printf_pre_padding                      0x00000000   Number         0  stubs.o ABSOLUTE
    _printf_return_value                     0x00000000   Number         0  stubs.o ABSOLUTE
    _printf_s                                0x00000000   Number         0  stubs.o ABSOLUTE
    _printf_sizespec                         0x00000000   Number         0  stubs.o ABSOLUTE
    _printf_str                              0x00000000   Number         0  stubs.o ABSOLUTE
    _printf_truncate_signed                  0x00000000   Number         0  stubs.o ABSOLUTE
    _printf_truncate_unsigned                0x00000000   Number         0  stubs.o ABSOLUTE
    _printf_u                                0x00000000   Number         0  stubs.o ABSOLUTE
    _printf_wc                               0x00000000   Number         0  stubs.o ABSOLUTE
    _printf_wctomb                           0x00000000   Number         0  stubs.o ABSOLUTE
    _printf_widthprec                        0x00000000   Number         0  stubs.o ABSOLUTE
    _printf_x                                0x00000000   Number         0  stubs.o ABSOLUTE
    __decompress                              - Undefined Weak Reference
    _clock_init                               - Undefined Weak Reference
    __Vectors_Size                           0x00000188   Number         0  startup_stm32f4xx.o ABSOLUTE
    __Vectors                                0x08000000   Data           4  startup_stm32f4xx.o(RESET)
    __Vectors_End                            0x08000188   Data           0  startup_stm32f4xx.o(RESET)
    __main                                   0x08000189   Thumb Code     0  entry.o(.ARM.Collect$$$$00000000)
    _main_stk                                0x08000189   Thumb Code     0  entry2.o(.ARM.Collect$$$$00000001)
    _main_scatterload                        0x0800018d   Thumb Code     0  entry5.o(.ARM.Collect$$$$00000004)
    __main_after_scatterload                 0x08000191   Thumb Code     0  entry5.o(.ARM.Collect$$$$00000004)
    _main_clock                              0x08000191   Thumb Code     0  entry7b.o(.ARM.Collect$$$$00000008)
    _main_init                               0x08000191   Thumb Code     0  entry8.o(.ARM.Collect$$$$00000009)
    Reset_Handler                            0x0800019d   Thumb Code     8  startup_stm32f4xx.o(.text)
    SysTick_Handler                          0x080001b5   Thumb Code     2  startup_stm32f4xx.o(.text)
    ADC_IRQHandler                           0x080001b7   Thumb Code     0  startup_stm32f4xx.o(.text)
    CAN1_RX0_IRQHandler                      0x080001b7   Thumb Code     0  startup_stm32f4xx.o(.text)
    CAN1_RX1_IRQHandler                      0x080001b7   Thumb Code     0  startup_stm32f4xx.o(.text)
    CAN1_SCE_IRQHandler                      0x080001b7   Thumb Code     0  startup_stm32f4xx.o(.text)
    CAN1_TX_IRQHandler                       0x080001b7   Thumb Code     0  startup_stm32f4xx.o(.text)
    CAN2_RX0_IRQHandler                      0x080001b7   Thumb Code     0  startup_stm32f4xx.o(.text)
    CAN2_RX1_IRQHandler                      0x080001b7   Thumb Code     0  startup_stm32f4xx.o(.text)
    CAN2_SCE_IRQHandler                      0x080001b7   Thumb Code     0  startup_stm32f4xx.o(.text)
    CAN2_TX_IRQHandler                       0x080001b7   Thumb Code     0  startup_stm32f4xx.o(.text)
    CRYP_IRQHandler                          0x080001b7   Thumb Code     0  startup_stm32f4xx.o(.text)
    DCMI_IRQHandler                          0x080001b7   Thumb Code     0  startup_stm32f4xx.o(.text)
    DMA1_Stream0_IRQHandler                  0x080001b7   Thumb Code     0  startup_stm32f4xx.o(.text)
    DMA1_Stream1_IRQHandler                  0x080001b7   Thumb Code     0  startup_stm32f4xx.o(.text)
    DMA1_Stream2_IRQHandler                  0x080001b7   Thumb Code     0  startup_stm32f4xx.o(.text)
    DMA1_Stream3_IRQHandler                  0x080001b7   Thumb Code     0  startup_stm32f4xx.o(.text)
    DMA1_Stream4_IRQHandler                  0x080001b7   Thumb Code     0  startup_stm32f4xx.o(.text)
    DMA1_Stream5_IRQHandler                  0x080001b7   Thumb Code     0  startup_stm32f4xx.o(.text)
    DMA1_Stream6_IRQHandler                  0x080001b7   Thumb Code     0  startup_stm32f4xx.o(.text)
    DMA1_Stream7_IRQHandler                  0x080001b7   Thumb Code     0  startup_stm32f4xx.o(.text)
    DMA2_Stream0_IRQHandler                  0x080001b7   Thumb Code     0  startup_stm32f4xx.o(.text)
    DMA2_Stream1_IRQHandler                  0x080001b7   Thumb Code     0  startup_stm32f4xx.o(.text)
    DMA2_Stream2_IRQHandler                  0x080001b7   Thumb Code     0  startup_stm32f4xx.o(.text)
    DMA2_Stream3_IRQHandler                  0x080001b7   Thumb Code     0  startup_stm32f4xx.o(.text)
    DMA2_Stream4_IRQHandler                  0x080001b7   Thumb Code     0  startup_stm32f4xx.o(.text)
    DMA2_Stream5_IRQHandler                  0x080001b7   Thumb Code     0  startup_stm32f4xx.o(.text)
    DMA2_Stream6_IRQHandler                  0x080001b7   Thumb Code     0  startup_stm32f4xx.o(.text)
    DMA2_Stream7_IRQHandler                  0x080001b7   Thumb Code     0  startup_stm32f4xx.o(.text)
    ETH_IRQHandler                           0x080001b7   Thumb Code     0  startup_stm32f4xx.o(.text)
    ETH_WKUP_IRQHandler                      0x080001b7   Thumb Code     0  startup_stm32f4xx.o(.text)
    EXTI0_IRQHandler                         0x080001b7   Thumb Code     0  startup_stm32f4xx.o(.text)
    EXTI15_10_IRQHandler                     0x080001b7   Thumb Code     0  startup_stm32f4xx.o(.text)
    EXTI1_IRQHandler                         0x080001b7   Thumb Code     0  startup_stm32f4xx.o(.text)
    EXTI2_IRQHandler                         0x080001b7   Thumb Code     0  startup_stm32f4xx.o(.text)
    EXTI3_IRQHandler                         0x080001b7   Thumb Code     0  startup_stm32f4xx.o(.text)
    EXTI4_IRQHandler                         0x080001b7   Thumb Code     0  startup_stm32f4xx.o(.text)
    EXTI9_5_IRQHandler                       0x080001b7   Thumb Code     0  startup_stm32f4xx.o(.text)
    FLASH_IRQHandler                         0x080001b7   Thumb Code     0  startup_stm32f4xx.o(.text)
    FPU_IRQHandler                           0x080001b7   Thumb Code     0  startup_stm32f4xx.o(.text)
    FSMC_IRQHandler                          0x080001b7   Thumb Code     0  startup_stm32f4xx.o(.text)
    HASH_RNG_IRQHandler                      0x080001b7   Thumb Code     0  startup_stm32f4xx.o(.text)
    I2C1_ER_IRQHandler                       0x080001b7   Thumb Code     0  startup_stm32f4xx.o(.text)
    I2C1_EV_IRQHandler                       0x080001b7   Thumb Code     0  startup_stm32f4xx.o(.text)
    I2C2_ER_IRQHandler                       0x080001b7   Thumb Code     0  startup_stm32f4xx.o(.text)
    I2C2_EV_IRQHandler                       0x080001b7   Thumb Code     0  startup_stm32f4xx.o(.text)
    I2C3_ER_IRQHandler                       0x080001b7   Thumb Code     0  startup_stm32f4xx.o(.text)
    I2C3_EV_IRQHandler                       0x080001b7   Thumb Code     0  startup_stm32f4xx.o(.text)
    OTG_FS_IRQHandler                        0x080001b7   Thumb Code     0  startup_stm32f4xx.o(.text)
    OTG_FS_WKUP_IRQHandler                   0x080001b7   Thumb Code     0  startup_stm32f4xx.o(.text)
    OTG_HS_EP1_IN_IRQHandler                 0x080001b7   Thumb Code     0  startup_stm32f4xx.o(.text)
    OTG_HS_EP1_OUT_IRQHandler                0x080001b7   Thumb Code     0  startup_stm32f4xx.o(.text)
    OTG_HS_IRQHandler                        0x080001b7   Thumb Code     0  startup_stm32f4xx.o(.text)
    OTG_HS_WKUP_IRQHandler                   0x080001b7   Thumb Code     0  startup_stm32f4xx.o(.text)
    PVD_IRQHandler                           0x080001b7   Thumb Code     0  startup_stm32f4xx.o(.text)
    RCC_IRQHandler                           0x080001b7   Thumb Code     0  startup_stm32f4xx.o(.text)
    RTC_Alarm_IRQHandler                     0x080001b7   Thumb Code     0  startup_stm32f4xx.o(.text)
    RTC_WKUP_IRQHandler                      0x080001b7   Thumb Code     0  startup_stm32f4xx.o(.text)
    SDIO_IRQHandler                          0x080001b7   Thumb Code     0  startup_stm32f4xx.o(.text)
    SPI1_IRQHandler                          0x080001b7   Thumb Code     0  startup_stm32f4xx.o(.text)
    SPI2_IRQHandler                          0x080001b7   Thumb Code     0  startup_stm32f4xx.o(.text)
    SPI3_IRQHandler                          0x080001b7   Thumb Code     0  startup_stm32f4xx.o(.text)
    TAMP_STAMP_IRQHandler                    0x080001b7   Thumb Code     0  startup_stm32f4xx.o(.text)
    TIM1_BRK_TIM9_IRQHandler                 0x080001b7   Thumb Code     0  startup_stm32f4xx.o(.text)
    TIM1_CC_IRQHandler                       0x080001b7   Thumb Code     0  startup_stm32f4xx.o(.text)
    TIM1_TRG_COM_TIM11_IRQHandler            0x080001b7   Thumb Code     0  startup_stm32f4xx.o(.text)
    TIM1_UP_TIM10_IRQHandler                 0x080001b7   Thumb Code     0  startup_stm32f4xx.o(.text)
    TIM2_IRQHandler                          0x080001b7   Thumb Code     0  startup_stm32f4xx.o(.text)
    TIM3_IRQHandler                          0x080001b7   Thumb Code     0  startup_stm32f4xx.o(.text)
    TIM5_IRQHandler                          0x080001b7   Thumb Code     0  startup_stm32f4xx.o(.text)
    TIM6_DAC_IRQHandler                      0x080001b7   Thumb Code     0  startup_stm32f4xx.o(.text)
    TIM7_IRQHandler                          0x080001b7   Thumb Code     0  startup_stm32f4xx.o(.text)
    TIM8_BRK_TIM12_IRQHandler                0x080001b7   Thumb Code     0  startup_stm32f4xx.o(.text)
    TIM8_CC_IRQHandler                       0x080001b7   Thumb Code     0  startup_stm32f4xx.o(.text)
    TIM8_TRG_COM_TIM14_IRQHandler            0x080001b7   Thumb Code     0  startup_stm32f4xx.o(.text)
    TIM8_UP_TIM13_IRQHandler                 0x080001b7   Thumb Code     0  startup_stm32f4xx.o(.text)
    UART5_IRQHandler                         0x080001b7   Thumb Code     0  startup_stm32f4xx.o(.text)
    USART1_IRQHandler                        0x080001b7   Thumb Code     0  startup_stm32f4xx.o(.text)
    USART2_IRQHandler                        0x080001b7   Thumb Code     0  startup_stm32f4xx.o(.text)
    USART3_IRQHandler                        0x080001b7   Thumb Code     0  startup_stm32f4xx.o(.text)
    USART6_IRQHandler                        0x080001b7   Thumb Code     0  startup_stm32f4xx.o(.text)
    WWDG_IRQHandler                          0x080001b7   Thumb Code     0  startup_stm32f4xx.o(.text)
    __aeabi_uidiv                            0x080001c1   Thumb Code     0  uidiv.o(.text)
    __aeabi_uidivmod                         0x080001c1   Thumb Code    44  uidiv.o(.text)
    __scatterload                            0x080001ed   Thumb Code    28  init.o(.text)
    __scatterload_rt2                        0x080001ed   Thumb Code     0  init.o(.text)
    Assert_BTConection                       0x08000211   Thumb Code   152  main.o(i.Assert_BTConection)
    Bluetooth_Module_Init                    0x080002b1   Thumb Code   222  bluetooth_hc06.o(i.Bluetooth_Module_Init)
    BusFault_Handler                         0x080003a9   Thumb Code     2  stm32f4xx_it.o(i.BusFault_Handler)
    DebugMon_Handler                         0x080003ab   Thumb Code     2  stm32f4xx_it.o(i.DebugMon_Handler)
    Encoders_Init                            0x080003ad   Thumb Code   226  encoder.o(i.Encoders_Init)
    Encoders_Read                            0x08000499   Thumb Code    70  encoder.o(i.Encoders_Read)
    Encoders_Reset                           0x080004e9   Thumb Code    42  encoder.o(i.Encoders_Reset)
    GPIO_Init                                0x0800051d   Thumb Code   124  stm32f4xx_gpio.o(i.GPIO_Init)
    GPIO_PinAFConfig                         0x08000599   Thumb Code    32  stm32f4xx_gpio.o(i.GPIO_PinAFConfig)
    GPIO_ReadInputDataBit                    0x080005b9   Thumb Code    14  stm32f4xx_gpio.o(i.GPIO_ReadInputDataBit)
    GPIO_ResetBits                           0x080005c7   Thumb Code     4  stm32f4xx_gpio.o(i.GPIO_ResetBits)
    GPIO_SetBits                             0x080005cb   Thumb Code     4  stm32f4xx_gpio.o(i.GPIO_SetBits)
    GPIO_StructInit                          0x080005cf   Thumb Code    18  stm32f4xx_gpio.o(i.GPIO_StructInit)
    Get_Distance_A                           0x080005e1   Thumb Code    90  ultrasonic_sr04.o(i.Get_Distance_A)
    Get_Distance_B                           0x08000649   Thumb Code    90  ultrasonic_sr04.o(i.Get_Distance_B)
    HardFault_Handler                        0x080006b1   Thumb Code     2  stm32f4xx_it.o(i.HardFault_Handler)
    Led_Indicater                            0x080006b5   Thumb Code    52  manual.o(i.Led_Indicater)
    Lock_Move                                0x080006f1   Thumb Code   134  manual.o(i.Lock_Move)
    MANUAL_MODE                              0x0800078d   Thumb Code   918  manual.o(i.MANUAL_MODE)
    MemManage_Handler                        0x08000b4d   Thumb Code     2  stm32f4xx_it.o(i.MemManage_Handler)
    Micro_Delay                              0x08000b51   Thumb Code    12  realtime_manage.o(i.Micro_Delay)
    Mili_Delay                               0x08000b61   Thumb Code    12  realtime_manage.o(i.Mili_Delay)
    NMI_Handler                              0x08000b71   Thumb Code     2  stm32f4xx_it.o(i.NMI_Handler)
    NVIC_Init                                0x08000b75   Thumb Code    92  misc.o(i.NVIC_Init)
    NVIC_PriorityGroupConfig                 0x08000bd9   Thumb Code    10  misc.o(i.NVIC_PriorityGroupConfig)
    PWM_Config                               0x08000bed   Thumb Code   142  motor.o(i.PWM_Config)
    PendSV_Handler                           0x08000c81   Thumb Code     2  stm32f4xx_it.o(i.PendSV_Handler)
    RCC_AHB1PeriphClockCmd                   0x08000c85   Thumb Code    18  stm32f4xx_rcc.o(i.RCC_AHB1PeriphClockCmd)
    RCC_APB1PeriphClockCmd                   0x08000c9d   Thumb Code    18  stm32f4xx_rcc.o(i.RCC_APB1PeriphClockCmd)
    RCC_GetClocksFreq                        0x08000cb5   Thumb Code   138  stm32f4xx_rcc.o(i.RCC_GetClocksFreq)
    STM_EVAL_LEDInit                         0x08000d4d   Thumb Code    62  stm32f4_discovery.o(i.STM_EVAL_LEDInit)
    STM_EVAL_LEDOff                          0x08000d95   Thumb Code    16  stm32f4_discovery.o(i.STM_EVAL_LEDOff)
    STM_EVAL_LEDOn                           0x08000dad   Thumb Code    16  stm32f4_discovery.o(i.STM_EVAL_LEDOn)
    SVC_Handler                              0x08000dc5   Thumb Code     2  stm32f4xx_it.o(i.SVC_Handler)
    SendChar                                 0x08000dc9   Thumb Code    54  bluetooth_hc06.o(i.SendChar)
    Servo_A_Update                           0x08000e05   Thumb Code    24  servo.o(i.Servo_A_Update)
    Servo_B_Update                           0x08000e21   Thumb Code    26  servo.o(i.Servo_B_Update)
    Servo_Init                               0x08000e41   Thumb Code   232  servo.o(i.Servo_Init)
    SystemInit                               0x08000fcd   Thumb Code    62  system_stm32f4xx.o(i.SystemInit)
    TIM4_IRQHandler                          0x0800101d   Thumb Code   138  realtime_manage.o(i.TIM4_IRQHandler)
    TIMER_Pin_Connect                        0x080010bd   Thumb Code    98  motor.o(i.TIMER_Pin_Connect)
    TIM_ARRPreloadConfig                     0x08001125   Thumb Code    20  stm32f4xx_tim.o(i.TIM_ARRPreloadConfig)
    TIM_ClearITPendingBit                    0x08001139   Thumb Code     6  stm32f4xx_tim.o(i.TIM_ClearITPendingBit)
    TIM_Cmd                                  0x0800113f   Thumb Code    20  stm32f4xx_tim.o(i.TIM_Cmd)
    TIM_EncoderInterfaceConfig               0x08001153   Thumb Code    44  stm32f4xx_tim.o(i.TIM_EncoderInterfaceConfig)
    TIM_GetCapture1                          0x0800117f   Thumb Code     4  stm32f4xx_tim.o(i.TIM_GetCapture1)
    TIM_GetCapture2                          0x08001183   Thumb Code     4  stm32f4xx_tim.o(i.TIM_GetCapture2)
    TIM_GetCounter                           0x08001187   Thumb Code     4  stm32f4xx_tim.o(i.TIM_GetCounter)
    TIM_GetITStatus                          0x0800118b   Thumb Code    22  stm32f4xx_tim.o(i.TIM_GetITStatus)
    TIM_ITConfig                             0x080011a1   Thumb Code    16  stm32f4xx_tim.o(i.TIM_ITConfig)
    TIM_OC1Init                              0x080011b1   Thumb Code    88  stm32f4xx_tim.o(i.TIM_OC1Init)
    TIM_OC1PreloadConfig                     0x08001211   Thumb Code    12  stm32f4xx_tim.o(i.TIM_OC1PreloadConfig)
    TIM_OC2Init                              0x0800121d   Thumb Code   116  stm32f4xx_tim.o(i.TIM_OC2Init)
    TIM_OC2PreloadConfig                     0x08001299   Thumb Code    14  stm32f4xx_tim.o(i.TIM_OC2PreloadConfig)
    TIM_OC3Init                              0x080012a9   Thumb Code   112  stm32f4xx_tim.o(i.TIM_OC3Init)
    TIM_OC3PreloadConfig                     0x08001321   Thumb Code    12  stm32f4xx_tim.o(i.TIM_OC3PreloadConfig)
    TIM_OC4Init                              0x0800132d   Thumb Code    84  stm32f4xx_tim.o(i.TIM_OC4Init)
    TIM_OC4PreloadConfig                     0x08001389   Thumb Code    14  stm32f4xx_tim.o(i.TIM_OC4PreloadConfig)
    TIM_PrescalerConfig                      0x08001397   Thumb Code     6  stm32f4xx_tim.o(i.TIM_PrescalerConfig)
    TIM_SetAutoreload                        0x0800139d   Thumb Code     4  stm32f4xx_tim.o(i.TIM_SetAutoreload)
    TIM_SetCompare1                          0x080013a1   Thumb Code     4  stm32f4xx_tim.o(i.TIM_SetCompare1)
    TIM_SetCompare2                          0x080013a5   Thumb Code     4  stm32f4xx_tim.o(i.TIM_SetCompare2)
    TIM_SetCompare3                          0x080013a9   Thumb Code     4  stm32f4xx_tim.o(i.TIM_SetCompare3)
    TIM_SetCompare4                          0x080013ad   Thumb Code     4  stm32f4xx_tim.o(i.TIM_SetCompare4)
    TIM_SetCounter                           0x080013b1   Thumb Code     4  stm32f4xx_tim.o(i.TIM_SetCounter)
    TIM_TimeBaseInit                         0x080013b5   Thumb Code   100  stm32f4xx_tim.o(i.TIM_TimeBaseInit)
    Timeout_GetStatus                        0x08001435   Thumb Code    28  realtime_manage.o(i.Timeout_GetStatus)
    Timeout_Manage_Config                    0x08001455   Thumb Code   168  realtime_manage.o(i.Timeout_Manage_Config)
    Timeout_SetStatus                        0x08001505   Thumb Code    18  realtime_manage.o(i.Timeout_SetStatus)
    UART4_IRQHandler                         0x0800151d   Thumb Code   110  bluetooth_hc06.o(i.UART4_IRQHandler)
    USART_Cmd                                0x08001599   Thumb Code    20  stm32f4xx_usart.o(i.USART_Cmd)
    USART_GetFlagStatus                      0x080015ad   Thumb Code    14  stm32f4xx_usart.o(i.USART_GetFlagStatus)
    USART_GetITStatus                        0x080015bb   Thumb Code    62  stm32f4xx_usart.o(i.USART_GetITStatus)
    USART_ITConfig                           0x080015f9   Thumb Code    48  stm32f4xx_usart.o(i.USART_ITConfig)
    USART_Init                               0x08001629   Thumb Code   174  stm32f4xx_usart.o(i.USART_Init)
    USART_ReceiveData                        0x080016e1   Thumb Code     8  stm32f4xx_usart.o(i.USART_ReceiveData)
    USART_SendData                           0x080016e9   Thumb Code     8  stm32f4xx_usart.o(i.USART_SendData)
    Ultrasonic_Process                       0x080016f1   Thumb Code    92  manual.o(i.Ultrasonic_Process)
    Ultrasonic_Sensor_Init                   0x0800175d   Thumb Code   138  ultrasonic_sr04.o(i.Ultrasonic_Sensor_Init)
    UsageFault_Handler                       0x080017ed   Thumb Code     2  stm32f4xx_it.o(i.UsageFault_Handler)
    __0printf$1                              0x080017f1   Thumb Code    22  printf1.o(i.__0printf$1)
    __1printf$1                              0x080017f1   Thumb Code     0  printf1.o(i.__0printf$1)
    __2printf                                0x080017f1   Thumb Code     0  printf1.o(i.__0printf$1)
    __scatterload_copy                       0x08001811   Thumb Code    14  handlers.o(i.__scatterload_copy)
    __scatterload_null                       0x0800181f   Thumb Code     2  handlers.o(i.__scatterload_null)
    __scatterload_zeroinit                   0x08001821   Thumb Code    14  handlers.o(i.__scatterload_zeroinit)
    fputc                                    0x08001981   Thumb Code     4  bluetooth_hc06.o(i.fputc)
    main                                     0x08001985   Thumb Code    74  main.o(i.main)
    motorA_update                            0x080019d5   Thumb Code    48  motor.o(i.motorA_update)
    motorB_update                            0x08001a09   Thumb Code    48  motor.o(i.motorB_update)
    motor_init                               0x08001a3d   Thumb Code    14  motor.o(i.motor_init)
    BUTTON_PORT_SOURCE                       0x08001a4c   Data           1  stm32f4_discovery.o(.constdata)
    BUTTON_PIN_SOURCE                        0x08001a4d   Data           1  stm32f4_discovery.o(.constdata)
    BUTTON_IRQn                              0x08001a4e   Data           1  stm32f4_discovery.o(.constdata)
    BUTTON_PIN                               0x08001a50   Data           2  stm32f4_discovery.o(.constdata)
    BUTTON_EXTI_LINE                         0x08001a52   Data           2  stm32f4_discovery.o(.constdata)
    BUTTON_CLK                               0x08001a54   Data           4  stm32f4_discovery.o(.constdata)
    GPIO_PIN                                 0x08001a58   Data           8  stm32f4_discovery.o(.constdata)
    GPIO_CLK                                 0x08001a60   Data          16  stm32f4_discovery.o(.constdata)
    Region$$Table$$Base                      0x08001a70   Number         0  anon$$obj.o(Region$$Table)
    Region$$Table$$Limit                     0x08001a90   Number         0  anon$$obj.o(Region$$Table)
    Toggle_MODE                              0x20000000   Data           4  main.o(.data)
    Speed                                    0x20000004   Data           4  main.o(.data)
    Lock                                     0x20000008   Data           4  main.o(.data)
    Old_Move                                 0x2000000c   Data           4  main.o(.data)
    Rotate_Speed                             0x20000010   Data           4  main.o(.data)
    Toggle_Ultrasonic                        0x20000014   Data           4  main.o(.data)
    Danger_Ultrasonic                        0x20000018   Data           4  main.o(.data)
    Servo_Angle_A                            0x2000001c   Data           4  main.o(.data)
    Servo_Angle_B                            0x20000020   Data           4  main.o(.data)
    BUTTON_PORT                              0x20000034   Data           4  stm32f4_discovery.o(.data)
    GPIO_PORT                                0x20000038   Data          16  stm32f4_discovery.o(.data)
    B_Encoder_Speed                          0x20000048   Data           2  encoder.o(.data)
    A_Encoder_Speed                          0x2000004a   Data           2  encoder.o(.data)
    B_Encoder_Distance                       0x20000054   Data           4  encoder.o(.data)
    A_Encoder_Distance                       0x20000058   Data           4  encoder.o(.data)
    CCR1                                     0x2000005c   Data           2  realtime_manage.o(.data)
    CCR2                                     0x2000005e   Data           2  realtime_manage.o(.data)
    cap                                      0x20000060   Data           4  realtime_manage.o(.data)
    Micro                                    0x20000064   Data           4  realtime_manage.o(.data)
    Mili                                     0x20000068   Data           4  realtime_manage.o(.data)
    Signal_timeout                           0x2000006c   Data           4  realtime_manage.o(.data)
    Command                                  0x20000074   Data           4  bluetooth_hc06.o(.data)
    __stdout                                 0x20000078   Data           4  bluetooth_hc06.o(.data)
    Ultrasonic_timeout                       0x2000007c   Data           4  ultrasonic_sr04.o(.data)
    ENCount                                  0x20000080   Data           4  ultrasonic_sr04.o(.data)
    Pulse_Measure                            0x20000084   Data           4  ultrasonic_sr04.o(.data)
    SeeMe                                    0x20000088   Data          16  manual.o(.bss)
    __initial_sp                             0x20000498   Data           0  startup_stm32f4xx.o(STACK)



==============================================================================

Memory Map of the image

  Image Entry point : 0x08000189

  Load Region LR_IROM1 (Base: 0x08000000, Size: 0x00001b18, Max: 0x00100000, ABSOLUTE)

    Execution Region ER_IROM1 (Base: 0x08000000, Size: 0x00001a90, Max: 0x00100000, ABSOLUTE)

    Base Addr    Size         Type   Attr      Idx    E Section Name        Object

    0x08000000   0x00000188   Data   RO         2025    RESET               startup_stm32f4xx.o
    0x08000188   0x00000000   Code   RO         2332  * .ARM.Collect$$$$00000000  mc_w.l(entry.o)
    0x08000188   0x00000004   Code   RO         2596    .ARM.Collect$$$$00000001  mc_w.l(entry2.o)
    0x0800018c   0x00000004   Code   RO         2599    .ARM.Collect$$$$00000004  mc_w.l(entry5.o)
    0x08000190   0x00000000   Code   RO         2601    .ARM.Collect$$$$00000008  mc_w.l(entry7b.o)
    0x08000190   0x00000008   Code   RO         2602    .ARM.Collect$$$$00000009  mc_w.l(entry8.o)
    0x08000198   0x00000004   Code   RO         2597    .ARM.Collect$$$$00002712  mc_w.l(entry2.o)
    0x0800019c   0x00000024   Code   RO         2026    .text               startup_stm32f4xx.o
    0x080001c0   0x0000002c   Code   RO         2603    .text               mc_w.l(uidiv.o)
    0x080001ec   0x00000024   Code   RO         2618    .text               mc_w.l(init.o)
    0x08000210   0x000000a0   Code   RO          173    i.Assert_BTConection  main.o
    0x080002b0   0x000000f8   Code   RO         2190    i.Bluetooth_Module_Init  bluetooth_hc06.o
    0x080003a8   0x00000002   Code   RO            2    i.BusFault_Handler  stm32f4xx_it.o
    0x080003aa   0x00000002   Code   RO            3    i.DebugMon_Handler  stm32f4xx_it.o
    0x080003ac   0x000000ec   Code   RO         2031    i.Encoders_Init     encoder.o
    0x08000498   0x00000050   Code   RO         2032    i.Encoders_Read     encoder.o
    0x080004e8   0x00000034   Code   RO         2033    i.Encoders_Reset    encoder.o
    0x0800051c   0x0000007c   Code   RO          481    i.GPIO_Init         stm32f4xx_gpio.o
    0x08000598   0x00000020   Code   RO          482    i.GPIO_PinAFConfig  stm32f4xx_gpio.o
    0x080005b8   0x0000000e   Code   RO          485    i.GPIO_ReadInputDataBit  stm32f4xx_gpio.o
    0x080005c6   0x00000004   Code   RO          488    i.GPIO_ResetBits    stm32f4xx_gpio.o
    0x080005ca   0x00000004   Code   RO          489    i.GPIO_SetBits      stm32f4xx_gpio.o
    0x080005ce   0x00000012   Code   RO          490    i.GPIO_StructInit   stm32f4xx_gpio.o
    0x080005e0   0x00000068   Code   RO         2263    i.Get_Distance_A    ultrasonic_sr04.o
    0x08000648   0x00000068   Code   RO         2264    i.Get_Distance_B    ultrasonic_sr04.o
    0x080006b0   0x00000002   Code   RO            4    i.HardFault_Handler  stm32f4xx_it.o
    0x080006b2   0x00000002   PAD
    0x080006b4   0x0000003c   Code   RO          305    i.Led_Indicater     manual.o
    0x080006f0   0x0000009c   Code   RO          306    i.Lock_Move         manual.o
    0x0800078c   0x000003c0   Code   RO          307    i.MANUAL_MODE       manual.o
    0x08000b4c   0x00000002   Code   RO            5    i.MemManage_Handler  stm32f4xx_it.o
    0x08000b4e   0x00000002   PAD
    0x08000b50   0x00000010   Code   RO         2111    i.Micro_Delay       realtime_manage.o
    0x08000b60   0x00000010   Code   RO         2112    i.Mili_Delay        realtime_manage.o
    0x08000b70   0x00000002   Code   RO            6    i.NMI_Handler       stm32f4xx_it.o
    0x08000b72   0x00000002   PAD
    0x08000b74   0x00000064   Code   RO          382    i.NVIC_Init         misc.o
    0x08000bd8   0x00000014   Code   RO          383    i.NVIC_PriorityGroupConfig  misc.o
    0x08000bec   0x00000094   Code   RO         2068    i.PWM_Config        motor.o
    0x08000c80   0x00000002   Code   RO            7    i.PendSV_Handler    stm32f4xx_it.o
    0x08000c82   0x00000002   PAD
    0x08000c84   0x00000018   Code   RO          675    i.RCC_AHB1PeriphClockCmd  stm32f4xx_rcc.o
    0x08000c9c   0x00000018   Code   RO          684    i.RCC_APB1PeriphClockCmd  stm32f4xx_rcc.o
    0x08000cb4   0x00000098   Code   RO          696    i.RCC_GetClocksFreq  stm32f4xx_rcc.o
    0x08000d4c   0x00000048   Code   RO         1970    i.STM_EVAL_LEDInit  stm32f4_discovery.o
    0x08000d94   0x00000018   Code   RO         1971    i.STM_EVAL_LEDOff   stm32f4_discovery.o
    0x08000dac   0x00000018   Code   RO         1972    i.STM_EVAL_LEDOn    stm32f4_discovery.o
    0x08000dc4   0x00000002   Code   RO            8    i.SVC_Handler       stm32f4xx_it.o
    0x08000dc6   0x00000002   PAD
    0x08000dc8   0x0000003c   Code   RO         2192    i.SendChar          bluetooth_hc06.o
    0x08000e04   0x0000001c   Code   RO         2161    i.Servo_A_Update    servo.o
    0x08000e20   0x00000020   Code   RO         2162    i.Servo_B_Update    servo.o
    0x08000e40   0x000000f0   Code   RO         2163    i.Servo_Init        servo.o
    0x08000f30   0x0000009c   Code   RO          349    i.SetSysClock       system_stm32f4xx.o
    0x08000fcc   0x00000050   Code   RO          351    i.SystemInit        system_stm32f4xx.o
    0x0800101c   0x000000a0   Code   RO         2113    i.TIM4_IRQHandler   realtime_manage.o
    0x080010bc   0x00000068   Code   RO         2069    i.TIMER_Pin_Connect  motor.o
    0x08001124   0x00000014   Code   RO         1183    i.TIM_ARRPreloadConfig  stm32f4xx_tim.o
    0x08001138   0x00000006   Code   RO         1190    i.TIM_ClearITPendingBit  stm32f4xx_tim.o
    0x0800113e   0x00000014   Code   RO         1195    i.TIM_Cmd           stm32f4xx_tim.o
    0x08001152   0x0000002c   Code   RO         1204    i.TIM_EncoderInterfaceConfig  stm32f4xx_tim.o
    0x0800117e   0x00000004   Code   RO         1210    i.TIM_GetCapture1   stm32f4xx_tim.o
    0x08001182   0x00000004   Code   RO         1211    i.TIM_GetCapture2   stm32f4xx_tim.o
    0x08001186   0x00000004   Code   RO         1214    i.TIM_GetCounter    stm32f4xx_tim.o
    0x0800118a   0x00000016   Code   RO         1216    i.TIM_GetITStatus   stm32f4xx_tim.o
    0x080011a0   0x00000010   Code   RO         1220    i.TIM_ITConfig      stm32f4xx_tim.o
    0x080011b0   0x00000060   Code   RO         1224    i.TIM_OC1Init       stm32f4xx_tim.o
    0x08001210   0x0000000c   Code   RO         1227    i.TIM_OC1PreloadConfig  stm32f4xx_tim.o
    0x0800121c   0x0000007c   Code   RO         1229    i.TIM_OC2Init       stm32f4xx_tim.o
    0x08001298   0x0000000e   Code   RO         1232    i.TIM_OC2PreloadConfig  stm32f4xx_tim.o
    0x080012a6   0x00000002   PAD
    0x080012a8   0x00000078   Code   RO         1234    i.TIM_OC3Init       stm32f4xx_tim.o
    0x08001320   0x0000000c   Code   RO         1237    i.TIM_OC3PreloadConfig  stm32f4xx_tim.o
    0x0800132c   0x0000005c   Code   RO         1239    i.TIM_OC4Init       stm32f4xx_tim.o
    0x08001388   0x0000000e   Code   RO         1241    i.TIM_OC4PreloadConfig  stm32f4xx_tim.o
    0x08001396   0x00000006   Code   RO         1244    i.TIM_PrescalerConfig  stm32f4xx_tim.o
    0x0800139c   0x00000004   Code   RO         1255    i.TIM_SetAutoreload  stm32f4xx_tim.o
    0x080013a0   0x00000004   Code   RO         1257    i.TIM_SetCompare1   stm32f4xx_tim.o
    0x080013a4   0x00000004   Code   RO         1258    i.TIM_SetCompare2   stm32f4xx_tim.o
    0x080013a8   0x00000004   Code   RO         1259    i.TIM_SetCompare3   stm32f4xx_tim.o
    0x080013ac   0x00000004   Code   RO         1260    i.TIM_SetCompare4   stm32f4xx_tim.o
    0x080013b0   0x00000004   Code   RO         1261    i.TIM_SetCounter    stm32f4xx_tim.o
    0x080013b4   0x00000080   Code   RO         1267    i.TIM_TimeBaseInit  stm32f4xx_tim.o
    0x08001434   0x00000020   Code   RO         2114    i.Timeout_GetStatus  realtime_manage.o
    0x08001454   0x000000b0   Code   RO         2115    i.Timeout_Manage_Config  realtime_manage.o
    0x08001504   0x00000018   Code   RO         2116    i.Timeout_SetStatus  realtime_manage.o
    0x0800151c   0x0000007c   Code   RO         2193    i.UART4_IRQHandler  bluetooth_hc06.o
    0x08001598   0x00000014   Code   RO         1001    i.USART_Cmd         stm32f4xx_usart.o
    0x080015ac   0x0000000e   Code   RO         1004    i.USART_GetFlagStatus  stm32f4xx_usart.o
    0x080015ba   0x0000003e   Code   RO         1005    i.USART_GetITStatus  stm32f4xx_usart.o
    0x080015f8   0x00000030   Code   RO         1007    i.USART_ITConfig    stm32f4xx_usart.o
    0x08001628   0x000000b8   Code   RO         1008    i.USART_Init        stm32f4xx_usart.o
    0x080016e0   0x00000008   Code   RO         1015    i.USART_ReceiveData  stm32f4xx_usart.o
    0x080016e8   0x00000008   Code   RO         1018    i.USART_SendData    stm32f4xx_usart.o
    0x080016f0   0x0000006c   Code   RO          309    i.Ultrasonic_Process  manual.o
    0x0800175c   0x00000090   Code   RO         2265    i.Ultrasonic_Sensor_Init  ultrasonic_sr04.o
    0x080017ec   0x00000002   Code   RO            9    i.UsageFault_Handler  stm32f4xx_it.o
    0x080017ee   0x00000002   PAD
    0x080017f0   0x00000020   Code   RO         2380    i.__0printf$1       mc_w.l(printf1.o)
    0x08001810   0x0000000e   Code   RO         2630    i.__scatterload_copy  mc_w.l(handlers.o)
    0x0800181e   0x00000002   Code   RO         2631    i.__scatterload_null  mc_w.l(handlers.o)
    0x08001820   0x0000000e   Code   RO         2632    i.__scatterload_zeroinit  mc_w.l(handlers.o)
    0x0800182e   0x00000002   PAD
    0x08001830   0x00000150   Code   RO         2387    i._printf_core      mc_w.l(printf1.o)
    0x08001980   0x00000004   Code   RO         2198    i.fputc             bluetooth_hc06.o
    0x08001984   0x00000050   Code   RO          174    i.main              main.o
    0x080019d4   0x00000034   Code   RO         2070    i.motorA_update     motor.o
    0x08001a08   0x00000034   Code   RO         2071    i.motorB_update     motor.o
    0x08001a3c   0x0000000e   Code   RO         2072    i.motor_init        motor.o
    0x08001a4a   0x00000002   PAD
    0x08001a4c   0x00000024   Data   RO         1976    .constdata          stm32f4_discovery.o
    0x08001a70   0x00000020   Data   RO         2628    Region$$Table       anon$$obj.o


    Execution Region RW_IRAM1 (Base: 0x20000000, Size: 0x00000498, Max: 0x00020000, ABSOLUTE)

    Base Addr    Size         Type   Attr      Idx    E Section Name        Object

    0x20000000   0x0000001c   Data   RW          175    .data               main.o
    0x2000001c   0x00000004   Data   RW          176    .data               main.o
    0x20000020   0x00000004   Data   RW          177    .data               main.o
    0x20000024   0x00000010   Data   RW          719    .data               stm32f4xx_rcc.o
    0x20000034   0x00000014   Data   RW         1977    .data               stm32f4_discovery.o
    0x20000048   0x00000014   Data   RW         2034    .data               encoder.o
    0x2000005c   0x00000014   Data   RW         2117    .data               realtime_manage.o
    0x20000070   0x00000008   Data   RW         2199    .data               bluetooth_hc06.o
    0x20000078   0x00000004   Data   RW         2200    .data               bluetooth_hc06.o
    0x2000007c   0x0000000c   Data   RW         2266    .data               ultrasonic_sr04.o
    0x20000088   0x00000010   Zero   RW          310    .bss                manual.o
    0x20000098   0x00000400   Zero   RW         2023    STACK               startup_stm32f4xx.o


==============================================================================

Image component sizes


      Code (inc. data)   RO Data    RW Data    ZI Data      Debug   Object Name

       436         64          0         12          0       4280   bluetooth_hc06.o
       368         30          0         20          0       2229   encoder.o
       240         14          0         36          0     223888   main.o
      1284         88          0          0         16       4020   manual.o
       120         18          0          0          0       1663   misc.o
       370         20          0          0          0       2678   motor.o
       424         48          0         20          0       4186   realtime_manage.o
       300         18          0          0          0       1587   servo.o
        36          8        392          0       1024        892   startup_stm32f4xx.o
       120         26         36         20          0       3991   stm32f4_discovery.o
       196          0          0          0          0     258569   stm32f4xx_gpio.o
        16          0          0          0          0     242876   stm32f4xx_it.o
       200         26          0         16          0       4034   stm32f4xx_rcc.o
       782         60          0          0          0      17837   stm32f4xx_tim.o
       344         10          0          0          0       5849   stm32f4xx_usart.o
       236         34          0          0          0       1461   system_stm32f4xx.o
       352         34          0         12          0       2418   ultrasonic_sr04.o

    ----------------------------------------------------------------------
      5840        498        460        136       1040     782458   Object Totals
         0          0         32          0          0          0   (incl. Generated)
        16          0          0          0          0          0   (incl. Padding)

    ----------------------------------------------------------------------

      Code (inc. data)   RO Data    RW Data    ZI Data      Debug   Library Member Name

         0          0          0          0          0          0   entry.o
         8          4          0          0          0          0   entry2.o
         4          0          0          0          0          0   entry5.o
         0          0          0          0          0          0   entry7b.o
         8          4          0          0          0          0   entry8.o
        30          0          0          0          0          0   handlers.o
        36          8          0          0          0         68   init.o
       368         14          0          0          0        180   printf1.o
        44          0          0          0          0         80   uidiv.o

    ----------------------------------------------------------------------
       500         30          0          0          0        328   Library Totals
         2          0          0          0          0          0   (incl. Padding)

    ----------------------------------------------------------------------

      Code (inc. data)   RO Data    RW Data    ZI Data      Debug   Library Name

       498         30          0          0          0        328   mc_w.l

    ----------------------------------------------------------------------
       500         30          0          0          0        328   Library Totals

    ----------------------------------------------------------------------

==============================================================================


      Code (inc. data)   RO Data    RW Data    ZI Data      Debug   

      6340        528        460        136       1040     774834   Grand Totals
      6340        528        460        136       1040     774834   ELF Image Totals
      6340        528        460        136          0          0   ROM Totals

==============================================================================

    Total RO  Size (Code + RO Data)                 6800 (   6.64kB)
    Total RW  Size (RW Data + ZI Data)              1176 (   1.15kB)
    Total ROM Size (Code + RO Data + RW Data)       6936 (   6.77kB)

==============================================================================

